Component: ARM Compiler 5.06 update 6 (build 750) Tool: armlink [4d35ed]

==============================================================================

Section Cross References

    startup_stm32f103xg.o(RESET) refers to startup_stm32f103xg.o(STACK) for __initial_sp
    startup_stm32f103xg.o(RESET) refers to startup_stm32f103xg.o(.text) for Reset_Handler
    startup_stm32f103xg.o(RESET) refers to stm32f1xx_it.o(i.NMI_Handler) for NMI_Handler
    startup_stm32f103xg.o(RESET) refers to stm32f1xx_it.o(i.HardFault_Handler) for HardFault_Handler
    startup_stm32f103xg.o(RESET) refers to stm32f1xx_it.o(i.MemManage_Handler) for MemManage_Handler
    startup_stm32f103xg.o(RESET) refers to stm32f1xx_it.o(i.BusFault_Handler) for BusFault_Handler
    startup_stm32f103xg.o(RESET) refers to stm32f1xx_it.o(i.UsageFault_Handler) for UsageFault_Handler
    startup_stm32f103xg.o(RESET) refers to stm32f1xx_it.o(i.SVC_Handler) for SVC_Handler
    startup_stm32f103xg.o(RESET) refers to stm32f1xx_it.o(i.DebugMon_Handler) for DebugMon_Handler
    startup_stm32f103xg.o(RESET) refers to stm32f1xx_it.o(i.PendSV_Handler) for PendSV_Handler
    startup_stm32f103xg.o(RESET) refers to stm32f1xx_it.o(i.SysTick_Handler) for SysTick_Handler
    startup_stm32f103xg.o(RESET) refers to stm32f1xx_it.o(i.TIM8_UP_TIM13_IRQHandler) for TIM8_UP_TIM13_IRQHandler
    startup_stm32f103xg.o(RESET) refers to stm32f1xx_it.o(i.TIM8_TRG_COM_TIM14_IRQHandler) for TIM8_TRG_COM_TIM14_IRQHandler
    startup_stm32f103xg.o(.text) refers to system_stm32f1xx.o(i.SystemInit) for SystemInit
    startup_stm32f103xg.o(.text) refers to entry.o(.ARM.Collect$$$$00000000) for __main
    main.o(i.HAL_TIM_PeriodElapsedCallback) refers to stm32f1xx_hal_gpio.o(i.HAL_GPIO_TogglePin) for HAL_GPIO_TogglePin
    main.o(i.HAL_TIM_PeriodElapsedCallback) refers to motorclass.o(i.car_speed_to_motor_speed) for car_speed_to_motor_speed
    main.o(i.HAL_TIM_PeriodElapsedCallback) refers to motorclass.o(i.motor_control_AllInOne) for motor_control_AllInOne
    main.o(i.HAL_TIM_PeriodElapsedCallback) refers to dadd.o(.text) for __aeabi_dadd
    main.o(i.HAL_TIM_PeriodElapsedCallback) refers to main.o(.bss) for htim13
    main.o(i.HAL_TIM_PeriodElapsedCallback) refers to main.o(.data) for button_1_state
    main.o(i.MX_ADC1_Init) refers to stm32f1xx_hal_adc.o(i.HAL_ADC_Init) for HAL_ADC_Init
    main.o(i.MX_ADC1_Init) refers to main.o(i.Error_Handler) for Error_Handler
    main.o(i.MX_ADC1_Init) refers to stm32f1xx_hal_adc.o(i.HAL_ADC_ConfigChannel) for HAL_ADC_ConfigChannel
    main.o(i.MX_ADC1_Init) refers to main.o(.bss) for hadc1
    main.o(i.MX_GPIO_Init) refers to stm32f1xx_hal_gpio.o(i.HAL_GPIO_WritePin) for HAL_GPIO_WritePin
    main.o(i.MX_GPIO_Init) refers to stm32f1xx_hal_gpio.o(i.HAL_GPIO_Init) for HAL_GPIO_Init
    main.o(i.MX_I2C2_Init) refers to stm32f1xx_hal_i2c.o(i.HAL_I2C_Init) for HAL_I2C_Init
    main.o(i.MX_I2C2_Init) refers to main.o(i.Error_Handler) for Error_Handler
    main.o(i.MX_I2C2_Init) refers to main.o(.bss) for hi2c2
    main.o(i.MX_TIM10_Init) refers to memseta.o(.text) for __aeabi_memclr4
    main.o(i.MX_TIM10_Init) refers to stm32f1xx_hal_tim.o(i.HAL_TIM_Base_Init) for HAL_TIM_Base_Init
    main.o(i.MX_TIM10_Init) refers to main.o(i.Error_Handler) for Error_Handler
    main.o(i.MX_TIM10_Init) refers to stm32f1xx_hal_tim.o(i.HAL_TIM_PWM_Init) for HAL_TIM_PWM_Init
    main.o(i.MX_TIM10_Init) refers to stm32f1xx_hal_tim.o(i.HAL_TIM_PWM_ConfigChannel) for HAL_TIM_PWM_ConfigChannel
    main.o(i.MX_TIM10_Init) refers to stm32f1xx_hal_msp.o(i.HAL_TIM_MspPostInit) for HAL_TIM_MspPostInit
    main.o(i.MX_TIM10_Init) refers to main.o(.bss) for htim10
    main.o(i.MX_TIM11_Init) refers to memseta.o(.text) for __aeabi_memclr4
    main.o(i.MX_TIM11_Init) refers to stm32f1xx_hal_tim.o(i.HAL_TIM_Base_Init) for HAL_TIM_Base_Init
    main.o(i.MX_TIM11_Init) refers to main.o(i.Error_Handler) for Error_Handler
    main.o(i.MX_TIM11_Init) refers to stm32f1xx_hal_tim.o(i.HAL_TIM_PWM_Init) for HAL_TIM_PWM_Init
    main.o(i.MX_TIM11_Init) refers to stm32f1xx_hal_tim.o(i.HAL_TIM_PWM_ConfigChannel) for HAL_TIM_PWM_ConfigChannel
    main.o(i.MX_TIM11_Init) refers to stm32f1xx_hal_msp.o(i.HAL_TIM_MspPostInit) for HAL_TIM_MspPostInit
    main.o(i.MX_TIM11_Init) refers to main.o(.bss) for htim11
    main.o(i.MX_TIM13_Init) refers to stm32f1xx_hal_tim.o(i.HAL_TIM_Base_Init) for HAL_TIM_Base_Init
    main.o(i.MX_TIM13_Init) refers to main.o(i.Error_Handler) for Error_Handler
    main.o(i.MX_TIM13_Init) refers to main.o(.bss) for htim13
    main.o(i.MX_TIM1_Init) refers to memseta.o(.text) for __aeabi_memclr4
    main.o(i.MX_TIM1_Init) refers to stm32f1xx_hal_tim.o(i.HAL_TIM_Encoder_Init) for HAL_TIM_Encoder_Init
    main.o(i.MX_TIM1_Init) refers to main.o(i.Error_Handler) for Error_Handler
    main.o(i.MX_TIM1_Init) refers to stm32f1xx_hal_tim_ex.o(i.HAL_TIMEx_MasterConfigSynchronization) for HAL_TIMEx_MasterConfigSynchronization
[...]
    .text                                    0x0800048a   Section        0  dmul.o(.text)
    .text                                    0x0800056e   Section        0  ddiv.o(.text)
    .text                                    0x0800064c   Section        0  fflti.o(.text)
    .text                                    0x0800065e   Section        0  ffltui.o(.text)
    .text                                    0x08000668   Section        0  dfltui.o(.text)
    .text                                    0x08000682   Section        0  ffixi.o(.text)
    .text                                    0x080006b4   Section        0  dfixui.o(.text)
    .text                                    0x080006e6   Section        0  f2d.o(.text)
    .text                                    0x0800070c   Section       48  cdrcmple.o(.text)
    .text                                    0x0800073c   Section        0  d2f.o(.text)
    .text                                    0x08000774   Section       20  cfcmple.o(.text)
    .text                                    0x08000788   Section        0  uidiv.o(.text)
    .text                                    0x080007b4   Section        0  uldiv.o(.text)
    .text                                    0x08000816   Section        0  llshl.o(.text)
    .text                                    0x08000834   Section        0  llsshr.o(.text)
    .text                                    0x08000858   Section        0  iusefp.o(.text)
    .text                                    0x08000858   Section        0  fepilogue.o(.text)
    .text                                    0x080008c6   Section        0  depilogue.o(.text)
    .text                                    0x08000980   Section        0  dfixul.o(.text)
    .text                                    0x080009b0   Section       36  init.o(.text)
    i.ADC_ConversionStop_Disable             0x080009d4   Section        0  stm32f1xx_hal_adc.o(i.ADC_ConversionStop_Disable)
    i.BusFault_Handler                       0x08000a30   Section        0  stm32f1xx_it.o(i.BusFault_Handler)
    i.DebugMon_Handler                       0x08000a34   Section        0  stm32f1xx_it.o(i.DebugMon_Handler)
    i.Error_Handler                          0x08000a36   Section        0  main.o(i.Error_Handler)
    i.HAL_ADC_ConfigChannel                  0x08000a3c   Section        0  stm32f1xx_hal_adc.o(i.HAL_ADC_ConfigChannel)
    i.HAL_ADC_Init                           0x08000b9c   Section        0  stm32f1xx_hal_adc.o(i.HAL_ADC_Init)
    i.HAL_ADC_MspInit                        0x08000cfc   Section        0  stm32f1xx_hal_msp.o(i.HAL_ADC_MspInit)
    i.HAL_Delay                              0x08000d6c   Section        0  stm32f1xx_hal.o(i.HAL_Delay)
    i.HAL_GPIO_Init                          0x08000d94   Section        0  stm32f1xx_hal_gpio.o(i.HAL_GPIO_Init)
    i.HAL_GPIO_ReadPin                       0x080010d4   Section        0  stm32f1xx_hal_gpio.o(i.HAL_GPIO_ReadPin)
    i.HAL_GPIO_TogglePin                     0x080010e4   Section        0  stm32f1xx_hal_gpio.o(i.HAL_GPIO_TogglePin)
    i.HAL_GPIO_WritePin                      0x080010f8   Section        0  stm32f1xx_hal_gpio.o(i.HAL_GPIO_WritePin)
    i.HAL_GetTick                            0x08001104   Section        0  stm32f1xx_hal.o(i.HAL_GetTick)
    i.HAL_I2C_Init                           0x08001110   Section        0  stm32f1xx_hal_i2c.o(i.HAL_I2C_Init)
    i.HAL_I2C_Master_Receive                 0x080012e0   Section        0  stm32f1xx_hal_i2c.o(i.HAL_I2C_Master_Receive)
    i.HAL_I2C_Master_Transmit                0x0800164c   Section        0  stm32f1xx_hal_i2c.o(i.HAL_I2C_Master_Transmit)
    i.HAL_I2C_MspInit                        0x080017bc   Section        0  stm32f1xx_hal_msp.o(i.HAL_I2C_MspInit)
    i.HAL_IncTick                            0x08001834   Section        0  stm32f1xx_hal.o(i.HAL_IncTick)
    i.HAL_Init                               0x0800184c   Section        0  stm32f1xx_hal.o(i.HAL_Init)
    i.HAL_InitTick                           0x08001874   Section        0  stm32f1xx_hal.o(i.HAL_InitTick)
    i.HAL_MspInit                            0x080018c0   Section        0  stm32f1xx_hal_msp.o(i.HAL_MspInit)
    i.HAL_NVIC_EnableIRQ                     0x08001914   Section        0  stm32f1xx_hal_cortex.o(i.HAL_NVIC_EnableIRQ)
    i.HAL_NVIC_SetPriority                   0x08001934   Section        0  stm32f1xx_hal_cortex.o(i.HAL_NVIC_SetPriority)
    i.HAL_NVIC_SetPriorityGrouping           0x080019b0   Section        0  stm32f1xx_hal_cortex.o(i.HAL_NVIC_SetPriorityGrouping)
    i.HAL_PCD_Init                           0x080019d8   Section        0  stm32f1xx_hal_pcd.o(i.HAL_PCD_Init)
    i.HAL_PCD_MspInit                        0x08001b14   Section        0  stm32f1xx_hal_msp.o(i.HAL_PCD_MspInit)
    i.HAL_RCCEx_PeriphCLKConfig              0x08001b44   Section        0  stm32f1xx_hal_rcc_ex.o(i.HAL_RCCEx_PeriphCLKConfig)
    i.HAL_RCC_ClockConfig                    0x08001c74   Section        0  stm32f1xx_hal_rcc.o(i.HAL_RCC_ClockConfig)
    i.HAL_RCC_GetHCLKFreq                    0x08001e00   Section        0  stm32f1xx_hal_rcc.o(i.HAL_RCC_GetHCLKFreq)
    i.HAL_RCC_GetPCLK1Freq                   0x08001e0c   Section        0  stm32f1xx_hal_rcc.o(i.HAL_RCC_GetPCLK1Freq)
    i.HAL_RCC_GetPCLK2Freq                   0x08001e2c   Section        0  stm32f1xx_hal_rcc.o(i.HAL_RCC_GetPCLK2Freq)
    i.HAL_RCC_GetSysClockFreq                0x08001e4c   Section        0  stm32f1xx_hal_rcc.o(i.HAL_RCC_GetSysClockFreq)
    i.HAL_RCC_OscConfig                      0x08001ec0   Section        0  stm32f1xx_hal_rcc.o(i.HAL_RCC_OscConfig)
    i.HAL_SYSTICK_Config                     0x08002324   Section        0  stm32f1xx_hal_cortex.o(i.HAL_SYSTICK_Config)
    i.HAL_TIMEx_BreakCallback                0x08002358   Section        0  stm32f1xx_hal_tim_ex.o(i.HAL_TIMEx_BreakCallback)
    i.HAL_TIMEx_CommutCallback               0x0800235a   Section        0  stm32f1xx_hal_tim_ex.o(i.HAL_TIMEx_CommutCallback)
    i.HAL_TIMEx_ConfigBreakDeadTime          0x0800235c   Section        0  stm32f1xx_hal_tim_ex.o(i.HAL_TIMEx_ConfigBreakDeadTime)
    i.HAL_TIMEx_MasterConfigSynchronization  0x080023d0   Section        0  stm32f1xx_hal_tim_ex.o(i.HAL_TIMEx_MasterConfigSynchronization)
    i.HAL_TIM_Base_Init                      0x08002484   Section        0  stm32f1xx_hal_tim.o(i.HAL_TIM_Base_Init)
    i.HAL_TIM_Base_MspInit                   0x080024ec   Section        0  stm32f1xx_hal_msp.o(i.HAL_TIM_Base_MspInit)
    i.HAL_TIM_Base_Start_IT                  0x08002580   Section        0  stm32f1xx_hal_tim.o(i.HAL_TIM_Base_Start_IT)
    i.HAL_TIM_Base_Stop_IT                   0x08002628   Section        0  stm32f1xx_hal_tim.o(i.HAL_TIM_Base_Stop_IT)
    i.HAL_TIM_Encoder_Init                   0x08002666   Section        0  stm32f1xx_hal_tim.o(i.HAL_TIM_Encoder_Init)
    i.HAL_TIM_Encoder_MspInit                0x0800272c   Section        0  stm32f1xx_hal_msp.o(i.HAL_TIM_Encoder_MspInit)
    i.HAL_TIM_Encoder_Start                  0x080028fc   Section        0  stm32f1xx_hal_tim.o(i.HAL_TIM_Encoder_Start)
    i.HAL_TIM_IC_CaptureCallback             0x080029c8   Section        0  stm32f1xx_hal_tim.o(i.HAL_TIM_IC_CaptureCallback)
    i.HAL_TIM_IRQHandler                     0x080029ca   Section        0  stm32f1xx_hal_tim.o(i.HAL_TIM_IRQHandler)
    i.HAL_TIM_MspPostInit                    0x08002b38   Section        0  stm32f1xx_hal_msp.o(i.HAL_TIM_MspPostInit)
    i.HAL_TIM_OC_DelayElapsedCallback        0x08002c90   Section        0  stm32f1xx_hal_tim.o(i.HAL_TIM_OC_DelayElapsedCallback)
    i.HAL_TIM_PWM_ConfigChannel              0x08002c92   Section        0  stm32f1xx_hal_tim.o(i.HAL_TIM_PWM_ConfigChannel)
    i.HAL_TIM_PWM_Init                       0x08002d96   Section        0  stm32f1xx_hal_tim.o(i.HAL_TIM_PWM_Init)
    i.HAL_TIM_PWM_MspInit                    0x08002dfc   Section        0  stm32f1xx_hal_msp.o(i.HAL_TIM_PWM_MspInit)
    i.HAL_TIM_PWM_PulseFinishedCallback      0x08002ea0   Section        0  stm32f1xx_hal_tim.o(i.HAL_TIM_PWM_PulseFinishedCallback)
    i.HAL_TIM_PWM_Start                      0x08002ea4   Section        0  stm32f1xx_hal_tim.o(i.HAL_TIM_PWM_Start)
    i.HAL_TIM_PeriodElapsedCallback          0x08002fb0   Section        0  main.o(i.HAL_TIM_PeriodElapsedCallback)
    i.HAL_TIM_TriggerCallback                0x0800305c   Section        0  stm32f1xx_hal_tim.o(i.HAL_TIM_TriggerCallback)
    i.HAL_UART_Init                          0x0800305e   Section        0  stm32f1xx_hal_uart.o(i.HAL_UART_Init)
    i.HAL_UART_MspInit                       0x080030d4   Section        0  stm32f1xx_hal_msp.o(i.HAL_UART_MspInit)
    i.HardFault_Handler                      0x08003174   Section        0  stm32f1xx_it.o(i.HardFault_Handler)
    i.I2C_IsAcknowledgeFailed                0x08003178   Section        0  stm32f1xx_hal_i2c.o(i.I2C_IsAcknowledgeFailed)
    I2C_IsAcknowledgeFailed                  0x08003179   Thumb Code    62  stm32f1xx_hal_i2c.o(i.I2C_IsAcknowledgeFailed)
    i.I2C_MasterRequestRead                  0x080031b8   Section        0  stm32f1xx_hal_i2c.o(i.I2C_MasterRequestRead)
    I2C_MasterRequestRead                    0x080031b9   Thumb Code   308  stm32f1xx_hal_i2c.o(i.I2C_MasterRequestRead)
    i.I2C_MasterRequestWrite                 0x080032f0   Section        0  stm32f1xx_hal_i2c.o(i.I2C_MasterRequestWrite)
    I2C_MasterRequestWrite                   0x080032f1   Thumb Code   186  stm32f1xx_hal_i2c.o(i.I2C_MasterRequestWrite)
    i.I2C_WaitOnBTFFlagUntilTimeout          0x080033b0   Section        0  stm32f1xx_hal_i2c.o(i.I2C_WaitOnBTFFlagUntilTimeout)
    I2C_WaitOnBTFFlagUntilTimeout            0x080033b1   Thumb Code   102  stm32f1xx_hal_i2c.o(i.I2C_WaitOnBTFFlagUntilTimeout)
    i.I2C_WaitOnFlagUntilTimeout             0x08003416   Section        0  stm32f1xx_hal_i2c.o(i.I2C_WaitOnFlagUntilTimeout)
    I2C_WaitOnFlagUntilTimeout               0x08003417   Thumb Code   190  stm32f1xx_hal_i2c.o(i.I2C_WaitOnFlagUntilTimeout)
    i.I2C_WaitOnMasterAddressFlagUntilTimeout 0x080034d4   Section        0  stm32f1xx_hal_i2c.o(i.I2C_WaitOnMasterAddressFlagUntilTimeout)
    I2C_WaitOnMasterAddressFlagUntilTimeout  0x080034d5   Thumb Code   250  stm32f1xx_hal_i2c.o(i.I2C_WaitOnMasterAddressFlagUntilTimeout)
    i.I2C_WaitOnRXNEFlagUntilTimeout         0x080035ce   Section        0  stm32f1xx_hal_i2c.o(i.I2C_WaitOnRXNEFlagUntilTimeout)
    I2C_WaitOnRXNEFlagUntilTimeout           0x080035cf   Thumb Code   138  stm32f1xx_hal_i2c.o(i.I2C_WaitOnRXNEFlagUntilTimeout)
    i.I2C_WaitOnTXEFlagUntilTimeout          0x08003658   Section        0  stm32f1xx_hal_i2c.o(i.I2C_WaitOnTXEFlagUntilTimeout)
    I2C_WaitOnTXEFlagUntilTimeout            0x08003659   Thumb Code   102  stm32f1xx_hal_i2c.o(i.I2C_WaitOnTXEFlagUntilTimeout)
    i.MX_ADC1_Init                           0x080036c0   Section        0  main.o(i.MX_ADC1_Init)
    MX_ADC1_Init                             0x080036c1   Thumb Code    82  main.o(i.MX_ADC1_Init)
    i.MX_GPIO_Init                           0x0800371c   Section        0  main.o(i.MX_GPIO_Init)
    MX_GPIO_Init                             0x0800371d   Thumb Code   292  main.o(i.MX_GPIO_Init)
    i.MX_I2C2_Init                           0x08003850   Section        0  main.o(i.MX_I2C2_Init)
    MX_I2C2_Init                             0x08003851   Thumb Code    48  main.o(i.MX_I2C2_Init)
    i.MX_TIM10_Init                          0x0800388c   Section        0  main.o(i.MX_TIM10_Init)
    MX_TIM10_Init                            0x0800388d   Thumb Code   100  main.o(i.MX_TIM10_Init)
    i.MX_TIM11_Init                          0x080038f8   Section        0  main.o(i.MX_TIM11_Init)
    MX_TIM11_Init                            0x080038f9   Thumb Code   100  main.o(i.MX_TIM11_Init)
    i.MX_TIM13_Init                          0x08003964   Section        0  main.o(i.MX_TIM13_Init)
    MX_TIM13_Init                            0x08003965   Thumb Code    42  main.o(i.MX_TIM13_Init)
    i.MX_TIM1_Init                           0x08003998   Section        0  main.o(i.MX_TIM1_Init)
    MX_TIM1_Init                             0x08003999   Thumb Code   116  main.o(i.MX_TIM1_Init)
    i.MX_TIM2_Init                           0x08003a14   Section        0  main.o(i.MX_TIM2_Init)
    MX_TIM2_Init                             0x08003a15   Thumb Code   116  main.o(i.MX_TIM2_Init)
    i.MX_TIM3_Init                           0x08003a8c   Section        0  main.o(i.MX_TIM3_Init)
    MX_TIM3_Init                             0x08003a8d   Thumb Code   114  main.o(i.MX_TIM3_Init)
    i.MX_TIM4_Init                           0x08003b08   Section        0  main.o(i.MX_TIM4_Init)
    MX_TIM4_Init                             0x08003b09   Thumb Code   114  main.o(i.MX_TIM4_Init)
    i.MX_TIM5_Init                           0x08003b84   Section        0  main.o(i.MX_TIM5_Init)
    MX_TIM5_Init                             0x08003b85   Thumb Code   130  main.o(i.MX_TIM5_Init)
    i.MX_TIM8_Init                           0x08003c10   Section        0  main.o(i.MX_TIM8_Init)
    MX_TIM8_Init                             0x08003c11   Thumb Code   182  main.o(i.MX_TIM8_Init)
    i.MX_TIM9_Init                           0x08003cd0   Section        0  main.o(i.MX_TIM9_Init)
    MX_TIM9_Init                             0x08003cd1   Thumb Code   104  main.o(i.MX_TIM9_Init)
    i.MX_USART3_UART_Init                    0x08003d40   Section        0  main.o(i.MX_USART3_UART_Init)
    MX_USART3_UART_Init                      0x08003d41   Thumb Code    46  main.o(i.MX_USART3_UART_Init)
    i.MX_USB_PCD_Init                        0x08003d78   Section        0  main.o(i.MX_USB_PCD_Init)
    MX_USB_PCD_Init                          0x08003d79   Thumb Code    38  main.o(i.MX_USB_PCD_Init)
    i.MemManage_Handler                      0x08003da8   Section        0  stm32f1xx_it.o(i.MemManage_Handler)
    i.NMI_Handler                            0x08003dac   Section        0  stm32f1xx_it.o(i.NMI_Handler)
    i.OLED_Clear                             0x08003db0   Section        0  oled.o(i.OLED_Clear)
    i.OLED_Init                              0x08003de0   Section        0  oled.o(i.OLED_Init)
    i.OLED_Pow                               0x08003ebc   Section        0  oled.o(i.OLED_Pow)
    i.OLED_SetCursor                         0x08003ed0   Section        0  oled.o(i.OLED_SetCursor)
    i.OLED_ShowChar                          0x08003efc   Section        0  oled.o(i.OLED_ShowChar)
    i.OLED_ShowNum                           0x08003f78   Section        0  oled.o(i.OLED_ShowNum)
    i.OLED_ShowRunMenu                       0x08003fc0   Section        0  oledmenu.o(i.OLED_ShowRunMenu)
    i.OLED_ShowString                        0x080040bc   Section        0  oled.o(i.OLED_ShowString)
    i.OLED_ShowWelcomeMenu                   0x080040e8   Section        0  oledmenu.o(i.OLED_ShowWelcomeMenu)
    i.OLED_WriteCommand                      0x08004164   Section        0  oled.o(i.OLED_WriteCommand)
    i.OLED_WriteData                         0x08004188   Section        0  oled.o(i.OLED_WriteData)
    i.PendSV_Handler                         0x080041b0   Section        0  stm32f1xx_it.o(i.PendSV_Handler)
    i.RCC_Delay                              0x080041b4   Section        0  stm32f1xx_hal_rcc.o(i.RCC_Delay)
    RCC_Delay                                0x080041b5   Thumb Code    36  stm32f1xx_hal_rcc.o(i.RCC_Delay)
    i.RGB_init                               0x080041dc   Section        0  main.o(i.RGB_init)
    i.SVC_Handler                            0x080041fc   Section        0  stm32f1xx_it.o(i.SVC_Handler)
    i.SysTick_Handler                        0x080041fe   Section        0  stm32f1xx_it.o(i.SysTick_Handler)
    i.SystemClock_Config                     0x08004206   Section        0  main.o(i.SystemClock_Config)
    i.SystemInit                             0x0800428c   Section        0  system_stm32f1xx.o(i.SystemInit)
    i.TCS34725_Enable                        0x0800428e   Section        0  colorre.o(i.TCS34725_Enable)
    i.TCS34725_GetChannelData                0x080042b4   Section        0  colorre.o(i.TCS34725_GetChannelData)
    i.TCS34725_GetRawData                    0x080042da   Section        0  colorre.o(i.TCS34725_GetRawData)
    i.TCS34725_Init                          0x0800432a   Section        0  colorre.o(i.TCS34725_Init)
    i.TCS34725_Read                          0x0800437c   Section        0  colorre.o(i.TCS34725_Read)
    i.TCS34725_SetGain                       0x080043b8   Section        0  colorre.o(i.TCS34725_SetGain)
    i.TCS34725_SetIntegrationTime            0x080043ca   Section        0  colorre.o(i.TCS34725_SetIntegrationTime)
    i.TCS34725_Write                         0x080043dc   Section        0  colorre.o(i.TCS34725_Write)
    i.TIM8_TRG_COM_TIM14_IRQHandler          0x08004424   Section        0  stm32f1xx_it.o(i.TIM8_TRG_COM_TIM14_IRQHandler)
    i.TIM8_UP_TIM13_IRQHandler               0x08004434   Section        0  stm32f1xx_it.o(i.TIM8_UP_TIM13_IRQHandler)
    i.TIM_Base_SetConfig                     0x0800444c   Section        0  stm32f1xx_hal_tim.o(i.TIM_Base_SetConfig)
    i.TIM_CCxChannelCmd                      0x08004534   Section        0  stm32f1xx_hal_tim.o(i.TIM_CCxChannelCmd)
    i.TIM_OC1_SetConfig                      0x08004558   Section        0  stm32f1xx_hal_tim.o(i.TIM_OC1_SetConfig)
    TIM_OC1_SetConfig                        0x08004559   Thumb Code   104  stm32f1xx_hal_tim.o(i.TIM_OC1_SetConfig)
    i.TIM_OC2_SetConfig                      0x080045c8   Section        0  stm32f1xx_hal_tim.o(i.TIM_OC2_SetConfig)
    i.TIM_OC3_SetConfig                      0x08004644   Section        0  stm32f1xx_hal_tim.o(i.TIM_OC3_SetConfig)
    TIM_OC3_SetConfig                        0x08004645   Thumb Code   112  stm32f1xx_hal_tim.o(i.TIM_OC3_SetConfig)
    i.TIM_OC4_SetConfig                      0x080046bc   Section        0  stm32f1xx_hal_tim.o(i.TIM_OC4_SetConfig)
    TIM_OC4_SetConfig                        0x080046bd   Thumb Code    74  stm32f1xx_hal_tim.o(i.TIM_OC4_SetConfig)
    i.Trailing_scan                          0x08004710   Section        0  trailing.o(i.Trailing_scan)
    i.UART_SetConfig                         0x08004760   Section        0  stm32f1xx_hal_uart.o(i.UART_SetConfig)
    UART_SetConfig                           0x08004761   Thumb Code   248  stm32f1xx_hal_uart.o(i.UART_SetConfig)
    i.USB_CoreInit                           0x0800485c   Section        0  stm32f1xx_ll_usb.o(i.USB_CoreInit)
    i.USB_DevDisconnect                      0x08004864   Section        0  stm32f1xx_ll_usb.o(i.USB_DevDisconnect)
    i.USB_DevInit                            0x0800486a   Section        0  stm32f1xx_ll_usb.o(i.USB_DevInit)
    i.USB_DisableGlobalInt                   0x08004880   Section        0  stm32f1xx_ll_usb.o(i.USB_DisableGlobalInt)
    i.USB_SetCurrentMode                     0x08004894   Section        0  stm32f1xx_ll_usb.o(i.USB_SetCurrentMode)
    i.UsageFault_Handler                     0x0800489a   Section        0  stm32f1xx_it.o(i.UsageFault_Handler)
    i.__0sprintf                             0x080048a0   Section        0  printfa.o(i.__0sprintf)
    i.__NVIC_GetPriorityGrouping             0x080048c8   Section        0  stm32f1xx_hal_cortex.o(i.__NVIC_GetPriorityGrouping)
    __NVIC_GetPriorityGrouping               0x080048c9   Thumb Code    10  stm32f1xx_hal_cortex.o(i.__NVIC_GetPriorityGrouping)
    i.__NVIC_SetPriority                     0x080048d8   Section        0  stm32f1xx_hal_cortex.o(i.__NVIC_SetPriority)
    __NVIC_SetPriority                       0x080048d9   Thumb Code    32  stm32f1xx_hal_cortex.o(i.__NVIC_SetPriority)
    i.__motor_init                           0x08004900   Section        0  motorclass.o(i.__motor_init)
    i.__scatterload_copy                     0x0800495c   Section       14  handlers.o(i.__scatterload_copy)
    i.__scatterload_null                     0x0800496a   Section        2  handlers.o(i.__scatterload_null)
    i.__scatterload_zeroinit                 0x0800496c   Section       14  handlers.o(i.__scatterload_zeroinit)
    i._fp_digits                             0x0800497c   Section        0  printfa.o(i._fp_digits)
    _fp_digits                               0x0800497d   Thumb Code   366  printfa.o(i._fp_digits)
    i._printf_core                           0x08004b00   Section        0  printfa.o(i._printf_core)
    _printf_core                             0x08004b01   Thumb Code  1744  printfa.o(i._printf_core)
    i._printf_post_padding                   0x080051dc   Section        0  printfa.o(i._printf_post_padding)
    _printf_post_padding                     0x080051dd   Thumb Code    36  printfa.o(i._printf_post_padding)
    i._printf_pre_padding                    0x08005200   Section        0  printfa.o(i._printf_pre_padding)
    _printf_pre_padding                      0x08005201   Thumb Code    46  printfa.o(i._printf_pre_padding)
    i._sputc                                 0x0800522e   Section        0  printfa.o(i._sputc)
    _sputc                                   0x0800522f   Thumb Code    10  printfa.o(i._sputc)
    i.button_init                            0x08005238   Section        0  button.o(i.button_init)
    i.button_scan                            0x080052a4   Section        0  button.o(i.button_scan)
    i.car_speed_to_motor_speed               0x0800532c   Section        0  motorclass.o(i.car_speed_to_motor_speed)
    i.delay_us                               0x08005420   Section        0  us_ranging.o(i.delay_us)
    i.get_button_level                       0x0800544c   Section        0  button.o(i.get_button_level)
    i.get_button_state                       0x08005452   Section        0  button.o(i.get_button_state)
    i.get_distance_cm_nT                     0x08005458   Section        0  us_ranging.o(i.get_distance_cm_nT)
    i.get_last_button_state                  0x08005504   Section        0  button.o(i.get_last_button_state)
    i.get_motor_encoder                      0x0800550c   Section        0  motorclass.o(i.get_motor_encoder)
    i.get_xPin_state                         0x08005574   Section        0  trailing.o(i.get_xPin_state)
    i.main                                   0x0800559c   Section        0  main.o(i.main)
    i.max                                    0x08005b08   Section        0  main.o(i.max)
    i.motor_PID_control                      0x08005b18   Section        0  motorclass.o(i.motor_PID_control)
    i.motor_control_AllInOne                 0x08005bf8   Section        0  motorclass.o(i.motor_control_AllInOne)
    i.motor_get_V                            0x08005c44   Section        0  motorclass.o(i.motor_get_V)
    i.motor_get_distance                     0x08005c4a   Section        0  motorclass.o(i.motor_get_distance)
    i.motor_get_encoder                      0x08005c50   Section        0  motorclass.o(i.motor_get_encoder)
    i.motor_init                             0x08005c5e   Section        0  motorclass.o(i.motor_init)
    i.motor_pwm_control                      0x08005c76   Section        0  motorclass.o(i.motor_pwm_control)
    i.motor_set_V                            0x08005da4   Section        0  motorclass.o(i.motor_set_V)
    i.motor_set_distance                     0x08005da8   Section        0  motorclass.o(i.motor_set_distance)
    i.motor_set_encoder                      0x08005dac   Section        0  motorclass.o(i.motor_set_encoder)
    i.motorlist_init                         0x08005dc0   Section        0  main.o(i.motorlist_init)
    i.setRGB                                 0x08005ee0   Section        0  main.o(i.setRGB)
    i.set_button_callback                    0x08005f0c   Section        0  button.o(i.set_button_callback)
    i.set_button_hold_callback               0x08005f10   Section        0  button.o(i.set_button_hold_callback)
    i.set_button_hold_time                   0x08005f14   Section        0  button.o(i.set_button_hold_time)
    i.set_button_level                       0x08005f18   Section        0  button.o(i.set_button_level)
    i.set_button_state                       0x08005f1c   Section        0  button.o(i.set_button_state)
    i.task_trailing_1straight                0x08005f20   Section        0  main.o(i.task_trailing_1straight)
    i.task_turn_back                         0x08006004   Section        0  main.o(i.task_turn_back)
    i.task_turn_left                         0x080060dc   Section        0  main.o(i.task_turn_left)
    i.trailing_init                          0x0800617c   Section        0  trailing.o(i.trailing_init)
    .constdata                               0x080061d8   Section       18  stm32f1xx_hal_rcc.o(.constdata)
    aPLLMULFactorTable                       0x080061d8   Data          16  stm32f1xx_hal_rcc.o(.constdata)
    aPredivFactorTable                       0x080061e8   Data           2  stm32f1xx_hal_rcc.o(.constdata)
    .constdata                               0x080061ea   Section       24  system_stm32f1xx.o(.constdata)
    .constdata                               0x08006202   Section     1520  oled.o(.constdata)
    .data                                    0x20000000   Section       78  main.o(.data)
    __time                                   0x20000008   Data           8  main.o(.data)
    green_blink_flag                         0x20000010   Data           1  main.o(.data)
    blink_timer                              0x20000018   Data           8  main.o(.data)
    errorleft                                0x20000020   Data           1  main.o(.data)
    middleline_times                         0x20000049   Data           1  main.o(.data)
    left                                     0x2000004a   Data           1  main.o(.data)
    turn                                     0x2000004b   Data           1  main.o(.data)
    turn                                     0x2000004c   Data           1  main.o(.data)
    back                                     0x2000004d   Data           1  main.o(.data)
    .data                                    0x20000050   Section        9  stm32f1xx_hal.o(.data)
    .data                                    0x2000005c   Section        4  system_stm32f1xx.o(.data)
    .data                                    0x20000060   Section        2  oledmenu.o(.data)
    welcome_state                            0x20000060   Data           1  oledmenu.o(.data)
    run_state                                0x20000061   Data           1  oledmenu.o(.data)
    .data                                    0x20000064   Section       24  motorclass.o(.data)
    motor_pwm_out                            0x2000006c   Data           2  motorclass.o(.data)
    err                                      0x20000070   Data           4  motorclass.o(.data)
    err_last                                 0x20000074   Data           4  motorclass.o(.data)
    err_integral                             0x20000078   Data           4  motorclass.o(.data)
    .bss                                     0x2000007c   Section     2224  main.o(.bss)
    STACK                                    0x20000930   Section     1024  startup_stm32f103xg.o(STACK)

    Global Symbols

    Symbol Name                              Value     Ov Type        Size  Object(Section)

    BuildAttributes$$THM_ISAv4$P$D$K$B$S$PE$A:L22UL41UL21$X:L11$S22US41US21$IEEE1$IW$USESV6$~STKCKD$USESV7$~SHL$OTIME$ROPI$EBA8$MICROLIB$REQ8$PRES8$EABIv2 0x00000000   Number         0  anon$$obj.o ABSOLUTE
    __ARM_use_no_argv                        0x00000000   Number         0  main.o ABSOLUTE
    _printf_a                                0x00000000   Number         0  stubs.o ABSOLUTE
    _printf_c                                0x00000000   Number         0  stubs.o ABSOLUTE
    _printf_charcount                        0x00000000   Number         0  stubs.o ABSOLUTE
    _printf_d                                0x00000000   Number         0  stubs.o ABSOLUTE
    _printf_e                                0x00000000   Number         0  stubs.o ABSOLUTE
    _printf_f                                0x00000000   Number         0  stubs.o ABSOLUTE
    _printf_flags                            0x00000000   Number         0  stubs.o ABSOLUTE
    _printf_fp_dec                           0x00000000   Number         0  stubs.o ABSOLUTE
    _printf_fp_hex                           0x00000000   Number         0  stubs.o ABSOLUTE
    _printf_g                                0x00000000   Number         0  stubs.o ABSOLUTE
    _printf_i                                0x00000000   Number         0  stubs.o ABSOLUTE
    _printf_int_dec                          0x00000000   Number         0  stubs.o ABSOLUTE
    _printf_l                                0x00000000   Number         0  stubs.o ABSOLUTE
    _printf_lc                               0x00000000   Number         0  stubs.o ABSOLUTE
    _printf_ll                               0x00000000   Number         0  stubs.o ABSOLUTE
    _printf_lld                              0x00000000   Number         0  stubs.o ABSOLUTE
    _printf_lli                              0x00000000   Number         0  stubs.o ABSOLUTE
    _printf_llo                              0x00000000   Number         0  stubs.o ABSOLUTE
    _printf_llu                              0x00000000   Number         0  stubs.o ABSOLUTE
    _printf_llx                              0x00000000   Number         0  stubs.o ABSOLUTE
    _printf_longlong_dec                     0x00000000   Number         0  stubs.o ABSOLUTE
    _printf_longlong_hex                     0x00000000   Number         0  stubs.o ABSOLUTE
    _printf_longlong_oct                     0x00000000   Number         0  stubs.o ABSOLUTE
    _printf_ls                               0x00000000   Number         0  stubs.o ABSOLUTE
    _printf_mbtowc                           0x00000000   Number         0  stubs.o ABSOLUTE
    _printf_n                                0x00000000   Number         0  stubs.o ABSOLUTE
    _printf_o                                0x00000000   Number         0  stubs.o ABSOLUTE
    _printf_p                                0x00000000   Number         0  stubs.o ABSOLUTE
    _printf_percent                          0x00000000   Number         0  stubs.o ABSOLUTE
    _printf_pre_padding                      0x00000000   Number         0  stubs.o ABSOLUTE
    _printf_return_value                     0x00000000   Number         0  stubs.o ABSOLUTE
    _printf_s                                0x00000000   Number         0  stubs.o ABSOLUTE
    _printf_sizespec                         0x00000000   Number         0  stubs.o ABSOLUTE
    _printf_str                              0x00000000   Number         0  stubs.o ABSOLUTE
    _printf_truncate_signed                  0x00000000   Number         0  stubs.o ABSOLUTE
    _printf_truncate_unsigned                0x00000000   Number         0  stubs.o ABSOLUTE
    _printf_u                                0x00000000   Number         0  stubs.o ABSOLUTE
    _printf_wc                               0x00000000   Number         0  stubs.o ABSOLUTE
    _printf_wctomb                           0x00000000   Number         0  stubs.o ABSOLUTE
    _printf_widthprec                        0x00000000   Number         0  stubs.o ABSOLUTE
    _printf_x                                0x00000000   Number         0  stubs.o ABSOLUTE
    __cpp_initialize__aeabi_                  - Undefined Weak Reference
    __cxa_finalize                            - Undefined Weak Reference
    __decompress                              - Undefined Weak Reference
    _clock_init                               - Undefined Weak Reference
    _microlib_exit                            - Undefined Weak Reference
    __Vectors_Size                           0x00000130   Number         0  startup_stm32f103xg.o ABSOLUTE
    __Vectors                                0x08000000   Data           4  startup_stm32f103xg.o(RESET)
    __Vectors_End                            0x08000130   Data           0  startup_stm32f103xg.o(RESET)
    __main                                   0x08000131   Thumb Code     0  entry.o(.ARM.Collect$$$$00000000)
    _main_stk                                0x08000131   Thumb Code     0  entry2.o(.ARM.Collect$$$$00000001)
    _main_scatterload                        0x08000135   Thumb Code     0  entry5.o(.ARM.Collect$$$$00000004)
    __main_after_scatterload                 0x08000139   Thumb Code     0  entry5.o(.ARM.Collect$$$$00000004)
    _main_clock                              0x08000139   Thumb Code     0  entry7b.o(.ARM.Collect$$$$00000008)
    _main_cpp_init                           0x08000139   Thumb Code     0  entry8b.o(.ARM.Collect$$$$0000000A)
    _main_init                               0x08000139   Thumb Code     0  entry9a.o(.ARM.Collect$$$$0000000B)
    __rt_final_cpp                           0x08000141   Thumb Code     0  entry10a.o(.ARM.Collect$$$$0000000D)
    __rt_final_exit                          0x08000141   Thumb Code     0  entry11a.o(.ARM.Collect$$$$0000000F)
    Reset_Handler                            0x08000145   Thumb Code     8  startup_stm32f103xg.o(.text)
    ADC1_2_IRQHandler                        0x0800015f   Thumb Code     0  startup_stm32f103xg.o(.text)
    ADC3_IRQHandler                          0x0800015f   Thumb Code     0  startup_stm32f103xg.o(.text)
    CAN1_RX1_IRQHandler                      0x0800015f   Thumb Code     0  startup_stm32f103xg.o(.text)
    CAN1_SCE_IRQHandler                      0x0800015f   Thumb Code     0  startup_stm32f103xg.o(.text)
    DMA1_Channel1_IRQHandler                 0x0800015f   Thumb Code     0  startup_stm32f103xg.o(.text)
    DMA1_Channel2_IRQHandler                 0x0800015f   Thumb Code     0  startup_stm32f103xg.o(.text)
    DMA1_Channel3_IRQHandler                 0x0800015f   Thumb Code     0  startup_stm32f103xg.o(.text)
    DMA1_Channel4_IRQHandler                 0x0800015f   Thumb Code     0  startup_stm32f103xg.o(.text)
    DMA1_Channel5_IRQHandler                 0x0800015f   Thumb Code     0  startup_stm32f103xg.o(.text)
    DMA1_Channel6_IRQHandler                 0x0800015f   Thumb Code     0  startup_stm32f103xg.o(.text)
    DMA1_Channel7_IRQHandler                 0x0800015f   Thumb Code     0  startup_stm32f103xg.o(.text)
    DMA2_Channel1_IRQHandler                 0x0800015f   Thumb Code     0  startup_stm32f103xg.o(.text)
    DMA2_Channel2_IRQHandler                 0x0800015f   Thumb Code     0  startup_stm32f103xg.o(.text)
    DMA2_Channel3_IRQHandler                 0x0800015f   Thumb Code     0  startup_stm32f103xg.o(.text)
    DMA2_Channel4_5_IRQHandler               0x0800015f   Thumb Code     0  startup_stm32f103xg.o(.text)
    EXTI0_IRQHandler                         0x0800015f   Thumb Code     0  startup_stm32f103xg.o(.text)
    EXTI15_10_IRQHandler                     0x0800015f   Thumb Code     0  startup_stm32f103xg.o(.text)
    EXTI1_IRQHandler                         0x0800015f   Thumb Code     0  startup_stm32f103xg.o(.text)
    EXTI2_IRQHandler                         0x0800015f   Thumb Code     0  startup_stm32f103xg.o(.text)
    EXTI3_IRQHandler                         0x0800015f   Thumb Code     0  startup_stm32f103xg.o(.text)
    EXTI4_IRQHandler                         0x0800015f   Thumb Code     0  startup_stm32f103xg.o(.text)
    EXTI9_5_IRQHandler                       0x0800015f   Thumb Code     0  startup_stm32f103xg.o(.text)
    FLASH_IRQHandler                         0x0800015f   Thumb Code     0  startup_stm32f103xg.o(.text)
    FSMC_IRQHandler                          0x0800015f   Thumb Code     0  startup_stm32f103xg.o(.text)
    I2C1_ER_IRQHandler                       0x0800015f   Thumb Code     0  startup_stm32f103xg.o(.text)
    I2C1_EV_IRQHandler                       0x0800015f   Thumb Code     0  startup_stm32f103xg.o(.text)
    I2C2_ER_IRQHandler                       0x0800015f   Thumb Code     0  startup_stm32f103xg.o(.text)
    I2C2_EV_IRQHandler                       0x0800015f   Thumb Code     0  startup_stm32f103xg.o(.text)
    PVD_IRQHandler                           0x0800015f   Thumb Code     0  startup_stm32f103xg.o(.text)
    RCC_IRQHandler                           0x0800015f   Thumb Code     0  startup_stm32f103xg.o(.text)
    RTC_Alarm_IRQHandler                     0x0800015f   Thumb Code     0  startup_stm32f103xg.o(.text)
    RTC_IRQHandler                           0x0800015f   Thumb Code     0  startup_stm32f103xg.o(.text)
    SDIO_IRQHandler                          0x0800015f   Thumb Code     0  startup_stm32f103xg.o(.text)
    SPI1_IRQHandler                          0x0800015f   Thumb Code     0  startup_stm32f103xg.o(.text)
    SPI2_IRQHandler                          0x0800015f   Thumb Code     0  startup_stm32f103xg.o(.text)
    SPI3_IRQHandler                          0x0800015f   Thumb Code     0  startup_stm32f103xg.o(.text)
    TAMPER_IRQHandler                        0x0800015f   Thumb Code     0  startup_stm32f103xg.o(.text)
    TIM1_BRK_TIM9_IRQHandler                 0x0800015f   Thumb Code     0  startup_stm32f103xg.o(.text)
    TIM1_CC_IRQHandler                       0x0800015f   Thumb Code     0  startup_stm32f103xg.o(.text)
    TIM1_TRG_COM_TIM11_IRQHandler            0x0800015f   Thumb Code     0  startup_stm32f103xg.o(.text)
    TIM1_UP_TIM10_IRQHandler                 0x0800015f   Thumb Code     0  startup_stm32f103xg.o(.text)
    TIM2_IRQHandler                          0x0800015f   Thumb Code     0  startup_stm32f103xg.o(.text)
    TIM3_IRQHandler                          0x0800015f   Thumb Code     0  startup_stm32f103xg.o(.text)
    TIM4_IRQHandler                          0x0800015f   Thumb Code     0  startup_stm32f103xg.o(.text)
    TIM5_IRQHandler                          0x0800015f   Thumb Code     0  startup_stm32f103xg.o(.text)
    TIM6_IRQHandler                          0x0800015f   Thumb Code     0  startup_stm32f103xg.o(.text)
    TIM7_IRQHandler                          0x0800015f   Thumb Code     0  startup_stm32f103xg.o(.text)
    TIM8_BRK_TIM12_IRQHandler                0x0800015f   Thumb Code     0  startup_stm32f103xg.o(.text)
    TIM8_CC_IRQHandler                       0x0800015f   Thumb Code     0  startup_stm32f103xg.o(.text)
    UART4_IRQHandler                         0x0800015f   Thumb Code     0  startup_stm32f103xg.o(.text)
    UART5_IRQHandler                         0x0800015f   Thumb Code     0  startup_stm32f103xg.o(.text)
    USART1_IRQHandler                        0x0800015f   Thumb Code     0  startup_stm32f103xg.o(.text)
    USART2_IRQHandler                        0x0800015f   Thumb Code     0  startup_stm32f103xg.o(.text)
    USART3_IRQHandler                        0x0800015f   Thumb Code     0  startup_stm32f103xg.o(.text)
    USBWakeUp_IRQHandler                     0x0800015f   Thumb Code     0  startup_stm32f103xg.o(.text)
    USB_HP_CAN1_TX_IRQHandler                0x0800015f   Thumb Code     0  startup_stm32f103xg.o(.text)
    USB_LP_CAN1_RX0_IRQHandler               0x0800015f   Thumb Code     0  startup_stm32f103xg.o(.text)
    WWDG_IRQHandler                          0x0800015f   Thumb Code     0  startup_stm32f103xg.o(.text)
    __aeabi_llsr                             0x08000169   Thumb Code    32  llushr.o(.text)
    _ll_ushift_r                             0x08000169   Thumb Code     0  llushr.o(.text)
    __aeabi_memset                           0x08000189   Thumb Code    14  memseta.o(.text)
    __aeabi_memset4                          0x08000189   Thumb Code     0  memseta.o(.text)
    __aeabi_memset8                          0x08000189   Thumb Code     0  memseta.o(.text)
    __aeabi_memclr                           0x08000197   Thumb Code     4  memseta.o(.text)
    __aeabi_memclr4                          0x08000197   Thumb Code     0  memseta.o(.text)
    __aeabi_memclr8                          0x08000197   Thumb Code     0  memseta.o(.text)
    _memset$wrapper                          0x0800019b   Thumb Code    18  memseta.o(.text)
    __aeabi_fadd                             0x080001ad   Thumb Code   164  fadd.o(.text)
    __aeabi_fsub                             0x08000251   Thumb Code     6  fadd.o(.text)
    __aeabi_frsub                            0x08000257   Thumb Code     6  fadd.o(.text)
    __aeabi_fmul                             0x0800025d   Thumb Code   100  fmul.o(.text)
    __aeabi_fdiv                             0x080002c1   Thumb Code   124  fdiv.o(.text)
    __aeabi_dadd                             0x0800033d   Thumb Code   322  dadd.o(.text)
    __aeabi_dsub                             0x0800047f   Thumb Code     6  dadd.o(.text)
    __aeabi_drsub                            0x08000485   Thumb Code     6  dadd.o(.text)
    __aeabi_dmul                             0x0800048b   Thumb Code   228  dmul.o(.text)
    __aeabi_ddiv                             0x0800056f   Thumb Code   222  ddiv.o(.text)
    __aeabi_i2f                              0x0800064d   Thumb Code    18  fflti.o(.text)
    __aeabi_ui2f                             0x0800065f   Thumb Code    10  ffltui.o(.text)
    __aeabi_ui2d                             0x08000669   Thumb Code    26  dfltui.o(.text)
    __aeabi_f2iz                             0x08000683   Thumb Code    50  ffixi.o(.text)
    __aeabi_d2uiz                            0x080006b5   Thumb Code    50  dfixui.o(.text)
    __aeabi_f2d                              0x080006e7   Thumb Code    38  f2d.o(.text)
    __aeabi_cdrcmple                         0x0800070d   Thumb Code    48  cdrcmple.o(.text)
    __aeabi_d2f                              0x0800073d   Thumb Code    56  d2f.o(.text)
    __aeabi_cfcmpeq                          0x08000775   Thumb Code     0  cfcmple.o(.text)
    __aeabi_cfcmple                          0x08000775   Thumb Code    20  cfcmple.o(.text)
    __aeabi_uidiv                            0x08000789   Thumb Code     0  uidiv.o(.text)
    __aeabi_uidivmod                         0x08000789   Thumb Code    44  uidiv.o(.text)
    __aeabi_uldivmod                         0x080007b5   Thumb Code    98  uldiv.o(.text)
    __aeabi_llsl                             0x08000817   Thumb Code    30  llshl.o(.text)
    _ll_shift_l                              0x08000817   Thumb Code     0  llshl.o(.text)
    __aeabi_lasr                             0x08000835   Thumb Code    36  llsshr.o(.text)
    _ll_sshift_r                             0x08000835   Thumb Code     0  llsshr.o(.text)
    __I$use$fp                               0x08000859   Thumb Code     0  iusefp.o(.text)
    _float_round                             0x08000859   Thumb Code    18  fepilogue.o(.text)
    _float_epilogue                          0x0800086b   Thumb Code    92  fepilogue.o(.text)
    _double_round                            0x080008c7   Thumb Code    30  depilogue.o(.text)
    _double_epilogue                         0x080008e5   Thumb Code   156  depilogue.o(.text)
    __aeabi_d2ulz                            0x08000981   Thumb Code    48  dfixul.o(.text)
    __scatterload                            0x080009b1   Thumb Code    28  init.o(.text)
    __scatterload_rt2                        0x080009b1   Thumb Code     0  init.o(.text)
    ADC_ConversionStop_Disable               0x080009d5   Thumb Code    92  stm32f1xx_hal_adc.o(i.ADC_ConversionStop_Disable)
    BusFault_Handler                         0x08000a31   Thumb Code     4  stm32f1xx_it.o(i.BusFault_Handler)
    DebugMon_Handler                         0x08000a35   Thumb Code     2  stm32f1xx_it.o(i.DebugMon_Handler)
    Error_Handler                            0x08000a37   Thumb Code     6  main.o(i.Error_Handler)
    HAL_ADC_ConfigChannel                    0x08000a3d   Thumb Code   338  stm32f1xx_hal_adc.o(i.HAL_ADC_ConfigChannel)
    HAL_ADC_Init                             0x08000b9d   Thumb Code   340  stm32f1xx_hal_adc.o(i.HAL_ADC_Init)
    HAL_ADC_MspInit                          0x08000cfd   Thumb Code    98  stm32f1xx_hal_msp.o(i.HAL_ADC_MspInit)
    HAL_Delay                                0x08000d6d   Thumb Code    36  stm32f1xx_hal.o(i.HAL_Delay)
    HAL_GPIO_Init                            0x08000d95   Thumb Code   792  stm32f1xx_hal_gpio.o(i.HAL_GPIO_Init)
    HAL_GPIO_ReadPin                         0x080010d5   Thumb Code    16  stm32f1xx_hal_gpio.o(i.HAL_GPIO_ReadPin)
    HAL_GPIO_TogglePin                       0x080010e5   Thumb Code    20  stm32f1xx_hal_gpio.o(i.HAL_GPIO_TogglePin)
    HAL_GPIO_WritePin                        0x080010f9   Thumb Code    12  stm32f1xx_hal_gpio.o(i.HAL_GPIO_WritePin)
    HAL_GetTick                              0x08001105   Thumb Code     6  stm32f1xx_hal.o(i.HAL_GetTick)
    HAL_I2C_Init                             0x08001111   Thumb Code   446  stm32f1xx_hal_i2c.o(i.HAL_I2C_Init)
    HAL_I2C_Master_Receive                   0x080012e1   Thumb Code   858  stm32f1xx_hal_i2c.o(i.HAL_I2C_Master_Receive)
    HAL_I2C_Master_Transmit                  0x0800164d   Thumb Code   360  stm32f1xx_hal_i2c.o(i.HAL_I2C_Master_Transmit)
    HAL_I2C_MspInit                          0x080017bd   Thumb Code   106  stm32f1xx_hal_msp.o(i.HAL_I2C_MspInit)
    HAL_IncTick                              0x08001835   Thumb Code    16  stm32f1xx_hal.o(i.HAL_IncTick)
    HAL_Init                                 0x0800184d   Thumb Code    34  stm32f1xx_hal.o(i.HAL_Init)
    HAL_InitTick                             0x08001875   Thumb Code    64  stm32f1xx_hal.o(i.HAL_InitTick)
    HAL_MspInit                              0x080018c1   Thumb Code    76  stm32f1xx_hal_msp.o(i.HAL_MspInit)
    HAL_NVIC_EnableIRQ                       0x08001915   Thumb Code    32  stm32f1xx_hal_cortex.o(i.HAL_NVIC_EnableIRQ)
    HAL_NVIC_SetPriority                     0x08001935   Thumb Code   124  stm32f1xx_hal_cortex.o(i.HAL_NVIC_SetPriority)
    HAL_NVIC_SetPriorityGrouping             0x080019b1   Thumb Code    32  stm32f1xx_hal_cortex.o(i.HAL_NVIC_SetPriorityGrouping)
    HAL_PCD_Init                             0x080019d9   Thumb Code   316  stm32f1xx_hal_pcd.o(i.HAL_PCD_Init)
    HAL_PCD_MspInit                          0x08001b15   Thumb Code    40  stm32f1xx_hal_msp.o(i.HAL_PCD_MspInit)
    HAL_RCCEx_PeriphCLKConfig                0x08001b45   Thumb Code   290  stm32f1xx_hal_rcc_ex.o(i.HAL_RCCEx_PeriphCLKConfig)
    HAL_RCC_ClockConfig                      0x08001c75   Thumb Code   376  stm32f1xx_hal_rcc.o(i.HAL_RCC_ClockConfig)
    HAL_RCC_GetHCLKFreq                      0x08001e01   Thumb Code     6  stm32f1xx_hal_rcc.o(i.HAL_RCC_GetHCLKFreq)
    HAL_RCC_GetPCLK1Freq                     0x08001e0d   Thumb Code    22  stm32f1xx_hal_rcc.o(i.HAL_RCC_GetPCLK1Freq)
    HAL_RCC_GetPCLK2Freq                     0x08001e2d   Thumb Code    22  stm32f1xx_hal_rcc.o(i.HAL_RCC_GetPCLK2Freq)
    HAL_RCC_GetSysClockFreq                  0x08001e4d   Thumb Code    92  stm32f1xx_hal_rcc.o(i.HAL_RCC_GetSysClockFreq)
    HAL_RCC_OscConfig                        0x08001ec1   Thumb Code  1114  stm32f1xx_hal_rcc.o(i.HAL_RCC_OscConfig)
    HAL_SYSTICK_Config                       0x08002325   Thumb Code    52  stm32f1xx_hal_cortex.o(i.HAL_SYSTICK_Config)
    HAL_TIMEx_BreakCallback                  0x08002359   Thumb Code     2  stm32f1xx_hal_tim_ex.o(i.HAL_TIMEx_BreakCallback)
    HAL_TIMEx_CommutCallback                 0x0800235b   Thumb Code     2  stm32f1xx_hal_tim_ex.o(i.HAL_TIMEx_CommutCallback)
    HAL_TIMEx_ConfigBreakDeadTime            0x0800235d   Thumb Code   116  stm32f1xx_hal_tim_ex.o(i.HAL_TIMEx_ConfigBreakDeadTime)
    HAL_TIMEx_MasterConfigSynchronization    0x080023d1   Thumb Code   150  stm32f1xx_hal_tim_ex.o(i.HAL_TIMEx_MasterConfigSynchronization)
    HAL_TIM_Base_Init                        0x08002485   Thumb Code   102  stm32f1xx_hal_tim.o(i.HAL_TIM_Base_Init)
    HAL_TIM_Base_MspInit                     0x080024ed   Thumb Code   130  stm32f1xx_hal_msp.o(i.HAL_TIM_Base_MspInit)
    HAL_TIM_Base_Start_IT                    0x08002581   Thumb Code   138  stm32f1xx_hal_tim.o(i.HAL_TIM_Base_Start_IT)
    HAL_TIM_Base_Stop_IT                     0x08002629   Thumb Code    62  stm32f1xx_hal_tim.o(i.HAL_TIM_Base_Stop_IT)
    HAL_TIM_Encoder_Init                     0x08002667   Thumb Code   196  stm32f1xx_hal_tim.o(i.HAL_TIM_Encoder_Init)
    HAL_TIM_Encoder_MspInit                  0x0800272d   Thumb Code   434  stm32f1xx_hal_msp.o(i.HAL_TIM_Encoder_MspInit)
    HAL_TIM_Encoder_Start                    0x080028fd   Thumb Code   204  stm32f1xx_hal_tim.o(i.HAL_TIM_Encoder_Start)
    HAL_TIM_IC_CaptureCallback               0x080029c9   Thumb Code     2  stm32f1xx_hal_tim.o(i.HAL_TIM_IC_CaptureCallback)
    HAL_TIM_IRQHandler                       0x080029cb   Thumb Code   364  stm32f1xx_hal_tim.o(i.HAL_TIM_IRQHandler)
    HAL_TIM_MspPostInit                      0x08002b39   Thumb Code   308  stm32f1xx_hal_msp.o(i.HAL_TIM_MspPostInit)
    HAL_TIM_OC_DelayElapsedCallback          0x08002c91   Thumb Code     2  stm32f1xx_hal_tim.o(i.HAL_TIM_OC_DelayElapsedCallback)
    HAL_TIM_PWM_ConfigChannel                0x08002c93   Thumb Code   260  stm32f1xx_hal_tim.o(i.HAL_TIM_PWM_ConfigChannel)
    HAL_TIM_PWM_Init                         0x08002d97   Thumb Code   102  stm32f1xx_hal_tim.o(i.HAL_TIM_PWM_Init)
    HAL_TIM_PWM_MspInit                      0x08002dfd   Thumb Code   148  stm32f1xx_hal_msp.o(i.HAL_TIM_PWM_MspInit)
    HAL_TIM_PWM_PulseFinishedCallback        0x08002ea1   Thumb Code     2  stm32f1xx_hal_tim.o(i.HAL_TIM_PWM_PulseFinishedCallback)
    HAL_TIM_PWM_Start                        0x08002ea5   Thumb Code   238  stm32f1xx_hal_tim.o(i.HAL_TIM_PWM_Start)
    HAL_TIM_PeriodElapsedCallback            0x08002fb1   Thumb Code   106  main.o(i.HAL_TIM_PeriodElapsedCallback)
    HAL_TIM_TriggerCallback                  0x0800305d   Thumb Code     2  stm32f1xx_hal_tim.o(i.HAL_TIM_TriggerCallback)
    HAL_UART_Init                            0x0800305f   Thumb Code   118  stm32f1xx_hal_uart.o(i.HAL_UART_Init)
    HAL_UART_MspInit                         0x080030d5   Thumb Code   144  stm32f1xx_hal_msp.o(i.HAL_UART_MspInit)
    HardFault_Handler                        0x08003175   Thumb Code     4  stm32f1xx_it.o(i.HardFault_Handler)
    MemManage_Handler                        0x08003da9   Thumb Code     4  stm32f1xx_it.o(i.MemManage_Handler)
    NMI_Handler                              0x08003dad   Thumb Code     4  stm32f1xx_it.o(i.NMI_Handler)
    OLED_Clear                               0x08003db1   Thumb Code    48  oled.o(i.OLED_Clear)
    OLED_Init                                0x08003de1   Thumb Code   220  oled.o(i.OLED_Init)
    OLED_Pow                                 0x08003ebd   Thumb Code    20  oled.o(i.OLED_Pow)
    OLED_SetCursor                           0x08003ed1   Thumb Code    42  oled.o(i.OLED_SetCursor)
    OLED_ShowChar                            0x08003efd   Thumb Code   120  oled.o(i.OLED_ShowChar)
    OLED_ShowNum                             0x08003f79   Thumb Code    72  oled.o(i.OLED_ShowNum)
    OLED_ShowRunMenu                         0x08003fc1   Thumb Code   200  oledmenu.o(i.OLED_ShowRunMenu)
    OLED_ShowString                          0x080040bd   Thumb Code    44  oled.o(i.OLED_ShowString)
    OLED_ShowWelcomeMenu                     0x080040e9   Thumb Code    72  oledmenu.o(i.OLED_ShowWelcomeMenu)
    OLED_WriteCommand                        0x08004165   Thumb Code    34  oled.o(i.OLED_WriteCommand)
    OLED_WriteData                           0x08004189   Thumb Code    36  oled.o(i.OLED_WriteData)
    PendSV_Handler                           0x080041b1   Thumb Code     2  stm32f1xx_it.o(i.PendSV_Handler)
    RGB_init                                 0x080041dd   Thumb Code    28  main.o(i.RGB_init)
    SVC_Handler                              0x080041fd   Thumb Code     2  stm32f1xx_it.o(i.SVC_Handler)
    SysTick_Handler                          0x080041ff   Thumb Code     8  stm32f1xx_it.o(i.SysTick_Handler)
    SystemClock_Config                       0x08004207   Thumb Code   134  main.o(i.SystemClock_Config)
    SystemInit                               0x0800428d   Thumb Code     2  system_stm32f1xx.o(i.SystemInit)
    TCS34725_Enable                          0x0800428f   Thumb Code    38  colorre.o(i.TCS34725_Enable)
    TCS34725_GetChannelData                  0x080042b5   Thumb Code    38  colorre.o(i.TCS34725_GetChannelData)
    TCS34725_GetRawData                      0x080042db   Thumb Code    80  colorre.o(i.TCS34725_GetRawData)
    TCS34725_Init                            0x0800432b   Thumb Code    82  colorre.o(i.TCS34725_Init)
    TCS34725_Read                            0x0800437d   Thumb Code    60  colorre.o(i.TCS34725_Read)
    TCS34725_SetGain                         0x080043b9   Thumb Code    18  colorre.o(i.TCS34725_SetGain)
    TCS34725_SetIntegrationTime              0x080043cb   Thumb Code    18  colorre.o(i.TCS34725_SetIntegrationTime)
    TCS34725_Write                           0x080043dd   Thumb Code    72  colorre.o(i.TCS34725_Write)
    TIM8_TRG_COM_TIM14_IRQHandler            0x08004425   Thumb Code    10  stm32f1xx_it.o(i.TIM8_TRG_COM_TIM14_IRQHandler)
    TIM8_UP_TIM13_IRQHandler                 0x08004435   Thumb Code    16  stm32f1xx_it.o(i.TIM8_UP_TIM13_IRQHandler)
    TIM_Base_SetConfig                       0x0800444d   Thumb Code   186  stm32f1xx_hal_tim.o(i.TIM_Base_SetConfig)
    TIM_CCxChannelCmd                        0x08004535   Thumb Code    34  stm32f1xx_hal_tim.o(i.TIM_CCxChannelCmd)
    TIM_OC2_SetConfig                        0x080045c9   Thumb Code   114  stm32f1xx_hal_tim.o(i.TIM_OC2_SetConfig)
    Trailing_scan                            0x08004711   Thumb Code    78  trailing.o(i.Trailing_scan)
    USB_CoreInit                             0x0800485d   Thumb Code     8  stm32f1xx_ll_usb.o(i.USB_CoreInit)
    USB_DevDisconnect                        0x08004865   Thumb Code     6  stm32f1xx_ll_usb.o(i.USB_DevDisconnect)
    USB_DevInit                              0x0800486b   Thumb Code    22  stm32f1xx_ll_usb.o(i.USB_DevInit)
    USB_DisableGlobalInt                     0x08004881   Thumb Code    20  stm32f1xx_ll_usb.o(i.USB_DisableGlobalInt)
    USB_SetCurrentMode                       0x08004895   Thumb Code     6  stm32f1xx_ll_usb.o(i.USB_SetCurrentMode)
    UsageFault_Handler                       0x0800489b   Thumb Code     4  stm32f1xx_it.o(i.UsageFault_Handler)
    __0sprintf                               0x080048a1   Thumb Code    34  printfa.o(i.__0sprintf)
    __1sprintf                               0x080048a1   Thumb Code     0  printfa.o(i.__0sprintf)
    __2sprintf                               0x080048a1   Thumb Code     0  printfa.o(i.__0sprintf)
    __c89sprintf                             0x080048a1   Thumb Code     0  printfa.o(i.__0sprintf)
    sprintf                                  0x080048a1   Thumb Code     0  printfa.o(i.__0sprintf)
    __motor_init                             0x08004901   Thumb Code    54  motorclass.o(i.__motor_init)
    __scatterload_copy                       0x0800495d   Thumb Code    14  handlers.o(i.__scatterload_copy)
    __scatterload_null                       0x0800496b   Thumb Code     2  handlers.o(i.__scatterload_null)
    __scatterload_zeroinit                   0x0800496d   Thumb Code    14  handlers.o(i.__scatterload_zeroinit)
    button_init                              0x08005239   Thumb Code    70  button.o(i.button_init)
    button_scan                              0x080052a5   Thumb Code   134  button.o(i.button_scan)
    car_speed_to_motor_speed                 0x0800532d   Thumb Code   236  motorclass.o(i.car_speed_to_motor_speed)
    delay_us                                 0x08005421   Thumb Code    34  us_ranging.o(i.delay_us)
    get_button_level                         0x0800544d   Thumb Code     6  button.o(i.get_button_level)
    get_button_state                         0x08005453   Thumb Code     6  button.o(i.get_button_state)
    get_distance_cm_nT                       0x08005459   Thumb Code   158  us_ranging.o(i.get_distance_cm_nT)
    get_last_button_state                    0x08005505   Thumb Code     6  button.o(i.get_last_button_state)
    get_motor_encoder                        0x0800550d   Thumb Code    90  motorclass.o(i.get_motor_encoder)
    get_xPin_state                           0x08005575   Thumb Code    38  trailing.o(i.get_xPin_state)
    main                                     0x0800559d   Thumb Code  1352  main.o(i.main)
    max                                      0x08005b09   Thumb Code    14  main.o(i.max)
    motor_PID_control                        0x08005b19   Thumb Code   200  motorclass.o(i.motor_PID_control)
    motor_control_AllInOne                   0x08005bf9   Thumb Code    76  motorclass.o(i.motor_control_AllInOne)
    motor_get_V                              0x08005c45   Thumb Code     6  motorclass.o(i.motor_get_V)
    motor_get_distance                       0x08005c4b   Thumb Code     6  motorclass.o(i.motor_get_distance)
    motor_get_encoder                        0x08005c51   Thumb Code    14  motorclass.o(i.motor_get_encoder)
    motor_init                               0x08005c5f   Thumb Code    24  motorclass.o(i.motor_init)
    motor_pwm_control                        0x08005c77   Thumb Code   302  motorclass.o(i.motor_pwm_control)
    motor_set_V                              0x08005da5   Thumb Code     4  motorclass.o(i.motor_set_V)
    motor_set_distance                       0x08005da9   Thumb Code     4  motorclass.o(i.motor_set_distance)
    motor_set_encoder                        0x08005dad   Thumb Code    18  motorclass.o(i.motor_set_encoder)
    motorlist_init                           0x08005dc1   Thumb Code   222  main.o(i.motorlist_init)
    setRGB                                   0x08005ee1   Thumb Code    44  main.o(i.setRGB)
    set_button_callback                      0x08005f0d   Thumb Code     4  button.o(i.set_button_callback)
    set_button_hold_callback                 0x08005f11   Thumb Code     4  button.o(i.set_button_hold_callback)
    set_button_hold_time                     0x08005f15   Thumb Code     4  button.o(i.set_button_hold_time)
    set_button_level                         0x08005f19   Thumb Code     4  button.o(i.set_button_level)
    set_button_state                         0x08005f1d   Thumb Code     4  button.o(i.set_button_state)
    task_trailing_1straight                  0x08005f21   Thumb Code   204  main.o(i.task_trailing_1straight)
    task_turn_back                           0x08006005   Thumb Code   196  main.o(i.task_turn_back)
    task_turn_left                           0x080060dd   Thumb Code   140  main.o(i.task_turn_left)
    trailing_init                            0x0800617d   Thumb Code    84  trailing.o(i.trailing_init)
    AHBPrescTable                            0x080061ea   Data          16  system_stm32f1xx.o(.constdata)
    APBPrescTable                            0x080061fa   Data           8  system_stm32f1xx.o(.constdata)
    OLED_F8x16                               0x08006202   Data        1520  oled.o(.constdata)
    Region$$Table$$Base                      0x080067f4   Number         0  anon$$obj.o(Region$$Table)
    Region$$Table$$Limit                     0x08006814   Number         0  anon$$obj.o(Region$$Table)
    deliveryState                            0x20000000   Data           1  main.o(.data)
    motorlist_it                             0x20000024   Data           4  main.o(.data)
    motorlist                                0x20000028   Data          16  main.o(.data)
    target_speed                             0x20000038   Data          16  main.o(.data)
    button_1_state                           0x20000048   Data           1  main.o(.data)
    uwTick                                   0x20000050   Data           4  stm32f1xx_hal.o(.data)
    uwTickPrio                               0x20000054   Data           4  stm32f1xx_hal.o(.data)
    uwTickFreq                               0x20000058   Data           1  stm32f1xx_hal.o(.data)
    SystemCoreClock                          0x2000005c   Data           4  system_stm32f1xx.o(.data)
    W                                        0x20000064   Data           4  motorclass.o(.data)
    H                                        0x20000068   Data           4  motorclass.o(.data)
    hadc1                                    0x2000007c   Data          48  main.o(.bss)
    hi2c2                                    0x200000ac   Data          84  main.o(.bss)
    htim1                                    0x20000100   Data          72  main.o(.bss)
    htim2                                    0x20000148   Data          72  main.o(.bss)
    htim3                                    0x20000190   Data          72  main.o(.bss)
    htim4                                    0x200001d8   Data          72  main.o(.bss)
    htim5                                    0x20000220   Data          72  main.o(.bss)
    htim8                                    0x20000268   Data          72  main.o(.bss)
    htim9                                    0x200002b0   Data          72  main.o(.bss)
    htim10                                   0x200002f8   Data          72  main.o(.bss)
    htim11                                   0x20000340   Data          72  main.o(.bss)
    htim13                                   0x20000388   Data          72  main.o(.bss)
    huart3                                   0x200003d0   Data          72  main.o(.bss)
    hpcd_USB_FS                              0x20000418   Data         728  main.o(.bss)
    car                                      0x200006f0   Data          12  main.o(.bss)
    motor1                                   0x200006fc   Data         104  main.o(.bss)
    motor2                                   0x20000764   Data         104  main.o(.bss)
    motor3                                   0x200007cc   Data         104  main.o(.bss)
    motor4                                   0x20000834   Data         104  main.o(.bss)
    pathFinding1                             0x2000089c   Data          40  main.o(.bss)
    pathFinging2                             0x200008c4   Data          40  main.o(.bss)
    button_1                                 0x200008ec   Data          64  main.o(.bss)
    __initial_sp                             0x20000d30   Data           0  startup_stm32f103xg.o(STACK)



==============================================================================

Memory Map of the image

  Image Entry point : 0x08000131

  Load Region LR_IROM1 (Base: 0x08000000, Size: 0x00006890, Max: 0x000c0000, ABSOLUTE)

    Execution Region ER_IROM1 (Exec base: 0x08000000, Load base: 0x08000000, Size: 0x00006814, Max: 0x000c0000, ABSOLUTE)

    Exec Addr    Load Addr    Size         Type   Attr      Idx    E Section Name        Object

    0x08000000   0x08000000   0x00000130   Data   RO            3    RESET               startup_stm32f103xg.o
    0x08000130   0x08000130   0x00000000   Code   RO         4734  * .ARM.Collect$$$$00000000  mc_w.l(entry.o)
    0x08000130   0x08000130   0x00000004   Code   RO         5032    .ARM.Collect$$$$00000001  mc_w.l(entry2.o)
    0x08000134   0x08000134   0x00000004   Code   RO         5035    .ARM.Collect$$$$00000004  mc_w.l(entry5.o)
    0x08000138   0x08000138   0x00000000   Code   RO         5037    .ARM.Collect$$$$00000008  mc_w.l(entry7b.o)
    0x08000138   0x08000138   0x00000000   Code   RO         5039    .ARM.Collect$$$$0000000A  mc_w.l(entry8b.o)
    0x08000138   0x08000138   0x00000008   Code   RO         5040    .ARM.Collect$$$$0000000B  mc_w.l(entry9a.o)
    0x08000140   0x08000140   0x00000000   Code   RO         5042    .ARM.Collect$$$$0000000D  mc_w.l(entry10a.o)
    0x08000140   0x08000140   0x00000000   Code   RO         5044    .ARM.Collect$$$$0000000F  mc_w.l(entry11a.o)
    0x08000140   0x08000140   0x00000004   Code   RO         5033    .ARM.Collect$$$$00002712  mc_w.l(entry2.o)
    0x08000144   0x08000144   0x00000024   Code   RO            4    .text               startup_stm32f103xg.o
    0x08000168   0x08000168   0x00000020   Code   RO         4737    .text               mc_w.l(llushr.o)
    0x08000188   0x08000188   0x00000024   Code   RO         4739    .text               mc_w.l(memseta.o)
    0x080001ac   0x080001ac   0x000000b0   Code   RO         5002    .text               mf_w.l(fadd.o)
    0x0800025c   0x0800025c   0x00000064   Code   RO         5004    .text               mf_w.l(fmul.o)
    0x080002c0   0x080002c0   0x0000007c   Code   RO         5006    .text               mf_w.l(fdiv.o)
    0x0800033c   0x0800033c   0x0000014e   Code   RO         5008    .text               mf_w.l(dadd.o)
    0x0800048a   0x0800048a   0x000000e4   Code   RO         5010    .text               mf_w.l(dmul.o)
    0x0800056e   0x0800056e   0x000000de   Code   RO         5012    .text               mf_w.l(ddiv.o)
    0x0800064c   0x0800064c   0x00000012   Code   RO         5014    .text               mf_w.l(fflti.o)
    0x0800065e   0x0800065e   0x0000000a   Code   RO         5016    .text               mf_w.l(ffltui.o)
    0x08000668   0x08000668   0x0000001a   Code   RO         5018    .text               mf_w.l(dfltui.o)
    0x08000682   0x08000682   0x00000032   Code   RO         5020    .text               mf_w.l(ffixi.o)
    0x080006b4   0x080006b4   0x00000032   Code   RO         5022    .text               mf_w.l(dfixui.o)
    0x080006e6   0x080006e6   0x00000026   Code   RO         5024    .text               mf_w.l(f2d.o)
    0x0800070c   0x0800070c   0x00000030   Code   RO         5026    .text               mf_w.l(cdrcmple.o)
    0x0800073c   0x0800073c   0x00000038   Code   RO         5028    .text               mf_w.l(d2f.o)
    0x08000774   0x08000774   0x00000014   Code   RO         5030    .text               mf_w.l(cfcmple.o)
    0x08000788   0x08000788   0x0000002c   Code   RO         5049    .text               mc_w.l(uidiv.o)
    0x080007b4   0x080007b4   0x00000062   Code   RO         5051    .text               mc_w.l(uldiv.o)
    0x08000816   0x08000816   0x0000001e   Code   RO         5053    .text               mc_w.l(llshl.o)
    0x08000834   0x08000834   0x00000024   Code   RO         5055    .text               mc_w.l(llsshr.o)
    0x08000858   0x08000858   0x00000000   Code   RO         5057    .text               mc_w.l(iusefp.o)
    0x08000858   0x08000858   0x0000006e   Code   RO         5058    .text               mf_w.l(fepilogue.o)
    0x080008c6   0x080008c6   0x000000ba   Code   RO         5060    .text               mf_w.l(depilogue.o)
    0x08000980   0x08000980   0x00000030   Code   RO         5062    .text               mf_w.l(dfixul.o)
    0x080009b0   0x080009b0   0x00000024   Code   RO         5064    .text               mc_w.l(init.o)
    0x080009d4   0x080009d4   0x0000005c   Code   RO          548    i.ADC_ConversionStop_Disable  stm32f1xx_hal_adc.o
    0x08000a30   0x08000a30   0x00000004   Code   RO          310    i.BusFault_Handler  stm32f1xx_it.o
    0x08000a34   0x08000a34   0x00000002   Code   RO          311    i.DebugMon_Handler  stm32f1xx_it.o
    0x08000a36   0x08000a36   0x00000006   Code   RO           13    i.Error_Handler     main.o
    0x08000a3c   0x08000a3c   0x00000160   Code   RO          554    i.HAL_ADC_ConfigChannel  stm32f1xx_hal_adc.o
    0x08000b9c   0x08000b9c   0x00000160   Code   RO          563    i.HAL_ADC_Init      stm32f1xx_hal_adc.o
    0x08000cfc   0x08000cfc   0x00000070   Code   RO          399    i.HAL_ADC_MspInit   stm32f1xx_hal_msp.o
    0x08000d6c   0x08000d6c   0x00000028   Code   RO          831    i.HAL_Delay         stm32f1xx_hal.o
    0x08000d94   0x08000d94   0x00000340   Code   RO         1146    i.HAL_GPIO_Init     stm32f1xx_hal_gpio.o
    0x080010d4   0x080010d4   0x00000010   Code   RO         1148    i.HAL_GPIO_ReadPin  stm32f1xx_hal_gpio.o
    0x080010e4   0x080010e4   0x00000014   Code   RO         1149    i.HAL_GPIO_TogglePin  stm32f1xx_hal_gpio.o
    0x080010f8   0x080010f8   0x0000000c   Code   RO         1150    i.HAL_GPIO_WritePin  stm32f1xx_hal_gpio.o
    0x08001104   0x08001104   0x0000000c   Code   RO          835    i.HAL_GetTick       stm32f1xx_hal.o
    0x08001110   0x08001110   0x000001d0   Code   RO         1879    i.HAL_I2C_Init      stm32f1xx_hal_i2c.o
    0x080012e0   0x080012e0   0x0000036c   Code   RO         1885    i.HAL_I2C_Master_Receive  stm32f1xx_hal_i2c.o
    0x0800164c   0x0800164c   0x00000170   Code   RO         1892    i.HAL_I2C_Master_Transmit  stm32f1xx_hal_i2c.o
    0x080017bc   0x080017bc   0x00000078   Code   RO          401    i.HAL_I2C_MspInit   stm32f1xx_hal_msp.o
    0x08001834   0x08001834   0x00000018   Code   RO          841    i.HAL_IncTick       stm32f1xx_hal.o
    0x0800184c   0x0800184c   0x00000028   Code   RO          842    i.HAL_Init          stm32f1xx_hal.o
    0x08001874   0x08001874   0x0000004c   Code   RO          843    i.HAL_InitTick      stm32f1xx_hal.o
    0x080018c0   0x080018c0   0x00000054   Code   RO          402    i.HAL_MspInit       stm32f1xx_hal_msp.o
    0x08001914   0x08001914   0x00000020   Code   RO         1311    i.HAL_NVIC_EnableIRQ  stm32f1xx_hal_cortex.o
    0x08001934   0x08001934   0x0000007c   Code   RO         1317    i.HAL_NVIC_SetPriority  stm32f1xx_hal_cortex.o
    0x080019b0   0x080019b0   0x00000028   Code   RO         1318    i.HAL_NVIC_SetPriorityGrouping  stm32f1xx_hal_cortex.o
    0x080019d8   0x080019d8   0x0000013c   Code   RO         3726    i.HAL_PCD_Init      stm32f1xx_hal_pcd.o
    0x08001b14   0x08001b14   0x00000030   Code   RO          404    i.HAL_PCD_MspInit   stm32f1xx_hal_msp.o
    0x08001b44   0x08001b44   0x00000130   Code   RO         1108    i.HAL_RCCEx_PeriphCLKConfig  stm32f1xx_hal_rcc_ex.o
    0x08001c74   0x08001c74   0x0000018c   Code   RO          999    i.HAL_RCC_ClockConfig  stm32f1xx_hal_rcc.o
    0x08001e00   0x08001e00   0x0000000c   Code   RO         1004    i.HAL_RCC_GetHCLKFreq  stm32f1xx_hal_rcc.o
    0x08001e0c   0x08001e0c   0x00000020   Code   RO         1006    i.HAL_RCC_GetPCLK1Freq  stm32f1xx_hal_rcc.o
    0x08001e2c   0x08001e2c   0x00000020   Code   RO         1007    i.HAL_RCC_GetPCLK2Freq  stm32f1xx_hal_rcc.o
    0x08001e4c   0x08001e4c   0x00000074   Code   RO         1008    i.HAL_RCC_GetSysClockFreq  stm32f1xx_hal_rcc.o
    0x08001ec0   0x08001ec0   0x00000464   Code   RO         1011    i.HAL_RCC_OscConfig  stm32f1xx_hal_rcc.o
    0x08002324   0x08002324   0x00000034   Code   RO         1322    i.HAL_SYSTICK_Config  stm32f1xx_hal_cortex.o
    0x08002358   0x08002358   0x00000002   Code   RO         3062    i.HAL_TIMEx_BreakCallback  stm32f1xx_hal_tim_ex.o
    0x0800235a   0x0800235a   0x00000002   Code   RO         3063    i.HAL_TIMEx_CommutCallback  stm32f1xx_hal_tim_ex.o
    0x0800235c   0x0800235c   0x00000074   Code   RO         3065    i.HAL_TIMEx_ConfigBreakDeadTime  stm32f1xx_hal_tim_ex.o
    0x080023d0   0x080023d0   0x000000b4   Code   RO         3081    i.HAL_TIMEx_MasterConfigSynchronization  stm32f1xx_hal_tim_ex.o
    0x08002484   0x08002484   0x00000066   Code   RO         2347    i.HAL_TIM_Base_Init  stm32f1xx_hal_tim.o
    0x080024ea   0x080024ea   0x00000002   PAD
    0x080024ec   0x080024ec   0x00000094   Code   RO          406    i.HAL_TIM_Base_MspInit  stm32f1xx_hal_msp.o
    0x08002580   0x08002580   0x000000a8   Code   RO         2352    i.HAL_TIM_Base_Start_IT  stm32f1xx_hal_tim.o
    0x08002628   0x08002628   0x0000003e   Code   RO         2355    i.HAL_TIM_Base_Stop_IT  stm32f1xx_hal_tim.o
    0x08002666   0x08002666   0x000000c4   Code   RO         2368    i.HAL_TIM_Encoder_Init  stm32f1xx_hal_tim.o
    0x0800272a   0x0800272a   0x00000002   PAD
    0x0800272c   0x0800272c   0x000001d0   Code   RO          408    i.HAL_TIM_Encoder_MspInit  stm32f1xx_hal_msp.o
    0x080028fc   0x080028fc   0x000000cc   Code   RO         2371    i.HAL_TIM_Encoder_Start  stm32f1xx_hal_tim.o
    0x080029c8   0x080029c8   0x00000002   Code   RO         2381    i.HAL_TIM_IC_CaptureCallback  stm32f1xx_hal_tim.o
    0x080029ca   0x080029ca   0x0000016c   Code   RO         2395    i.HAL_TIM_IRQHandler  stm32f1xx_hal_tim.o
    0x08002b36   0x08002b36   0x00000002   PAD
    0x08002b38   0x08002b38   0x00000158   Code   RO          409    i.HAL_TIM_MspPostInit  stm32f1xx_hal_msp.o
    0x08002c90   0x08002c90   0x00000002   Code   RO         2398    i.HAL_TIM_OC_DelayElapsedCallback  stm32f1xx_hal_tim.o
    0x08002c92   0x08002c92   0x00000104   Code   RO         2419    i.HAL_TIM_PWM_ConfigChannel  stm32f1xx_hal_tim.o
    0x08002d96   0x08002d96   0x00000066   Code   RO         2422    i.HAL_TIM_PWM_Init  stm32f1xx_hal_tim.o
    0x08002dfc   0x08002dfc   0x000000a4   Code   RO          411    i.HAL_TIM_PWM_MspInit  stm32f1xx_hal_msp.o
    0x08002ea0   0x08002ea0   0x00000002   Code   RO         2425    i.HAL_TIM_PWM_PulseFinishedCallback  stm32f1xx_hal_tim.o
    0x08002ea2   0x08002ea2   0x00000002   PAD
    0x08002ea4   0x08002ea4   0x0000010c   Code   RO         2427    i.HAL_TIM_PWM_Start  stm32f1xx_hal_tim.o
    0x08002fb0   0x08002fb0   0x000000ac   Code   RO           14    i.HAL_TIM_PeriodElapsedCallback  main.o
    0x0800305c   0x0800305c   0x00000002   Code   RO         2438    i.HAL_TIM_TriggerCallback  stm32f1xx_hal_tim.o
    0x0800305e   0x0800305e   0x00000076   Code   RO         3359    i.HAL_UART_Init     stm32f1xx_hal_uart.o
    0x080030d4   0x080030d4   0x000000a0   Code   RO          413    i.HAL_UART_MspInit  stm32f1xx_hal_msp.o
    0x08003174   0x08003174   0x00000004   Code   RO          312    i.HardFault_Handler  stm32f1xx_it.o
    0x08003178   0x08003178   0x0000003e   Code   RO         1923    i.I2C_IsAcknowledgeFailed  stm32f1xx_hal_i2c.o
    0x080031b6   0x080031b6   0x00000002   PAD
    0x080031b8   0x080031b8   0x00000138   Code   RO         1926    i.I2C_MasterRequestRead  stm32f1xx_hal_i2c.o
    0x080032f0   0x080032f0   0x000000c0   Code   RO         1927    i.I2C_MasterRequestWrite  stm32f1xx_hal_i2c.o
    0x080033b0   0x080033b0   0x00000066   Code   RO         1943    i.I2C_WaitOnBTFFlagUntilTimeout  stm32f1xx_hal_i2c.o
    0x08003416   0x08003416   0x000000be   Code   RO         1944    i.I2C_WaitOnFlagUntilTimeout  stm32f1xx_hal_i2c.o
    0x080034d4   0x080034d4   0x000000fa   Code   RO         1945    i.I2C_WaitOnMasterAddressFlagUntilTimeout  stm32f1xx_hal_i2c.o
    0x080035ce   0x080035ce   0x0000008a   Code   RO         1946    i.I2C_WaitOnRXNEFlagUntilTimeout  stm32f1xx_hal_i2c.o
    0x08003658   0x08003658   0x00000066   Code   RO         1949    i.I2C_WaitOnTXEFlagUntilTimeout  stm32f1xx_hal_i2c.o
    0x080036be   0x080036be   0x00000002   PAD
    0x080036c0   0x080036c0   0x0000005c   Code   RO           15    i.MX_ADC1_Init      main.o
    0x0800371c   0x0800371c   0x00000134   Code   RO           16    i.MX_GPIO_Init      main.o
    0x08003850   0x08003850   0x0000003c   Code   RO           17    i.MX_I2C2_Init      main.o
    0x0800388c   0x0800388c   0x0000006c   Code   RO           18    i.MX_TIM10_Init     main.o
    0x080038f8   0x080038f8   0x0000006c   Code   RO           19    i.MX_TIM11_Init     main.o
    0x08003964   0x08003964   0x00000034   Code   RO           20    i.MX_TIM13_Init     main.o
    0x08003998   0x08003998   0x0000007c   Code   RO           21    i.MX_TIM1_Init      main.o
    0x08003a14   0x08003a14   0x00000078   Code   RO           22    i.MX_TIM2_Init      main.o
    0x08003a8c   0x08003a8c   0x0000007c   Code   RO           23    i.MX_TIM3_Init      main.o
    0x08003b08   0x08003b08   0x0000007c   Code   RO           24    i.MX_TIM4_Init      main.o
    0x08003b84   0x08003b84   0x0000008c   Code   RO           25    i.MX_TIM5_Init      main.o
    0x08003c10   0x08003c10   0x000000c0   Code   RO           26    i.MX_TIM8_Init      main.o
    0x08003cd0   0x08003cd0   0x00000070   Code   RO           27    i.MX_TIM9_Init      main.o
    0x08003d40   0x08003d40   0x00000038   Code   RO           28    i.MX_USART3_UART_Init  main.o
    0x08003d78   0x08003d78   0x00000030   Code   RO           29    i.MX_USB_PCD_Init   main.o
    0x08003da8   0x08003da8   0x00000004   Code   RO          313    i.MemManage_Handler  stm32f1xx_it.o
    0x08003dac   0x08003dac   0x00000004   Code   RO          314    i.NMI_Handler       stm32f1xx_it.o
    0x08003db0   0x08003db0   0x00000030   Code   RO         4399    i.OLED_Clear        oled.o
    0x08003de0   0x08003de0   0x000000dc   Code   RO         4400    i.OLED_Init         oled.o
    0x08003ebc   0x08003ebc   0x00000014   Code   RO         4401    i.OLED_Pow          oled.o
    0x08003ed0   0x08003ed0   0x0000002a   Code   RO         4402    i.OLED_SetCursor    oled.o
    0x08003efa   0x08003efa   0x00000002   PAD
    0x08003efc   0x08003efc   0x0000007c   Code   RO         4404    i.OLED_ShowChar     oled.o
    0x08003f78   0x08003f78   0x00000048   Code   RO         4406    i.OLED_ShowNum      oled.o
    0x08003fc0   0x08003fc0   0x000000fc   Code   RO         4495    i.OLED_ShowRunMenu  oledmenu.o
    0x080040bc   0x080040bc   0x0000002c   Code   RO         4408    i.OLED_ShowString   oled.o
    0x080040e8   0x080040e8   0x0000007c   Code   RO         4496    i.OLED_ShowWelcomeMenu  oledmenu.o
    0x08004164   0x08004164   0x00000022   Code   RO         4409    i.OLED_WriteCommand  oled.o
    0x08004186   0x08004186   0x00000002   PAD
    0x08004188   0x08004188   0x00000028   Code   RO         4410    i.OLED_WriteData    oled.o
    0x080041b0   0x080041b0   0x00000002   Code   RO          315    i.PendSV_Handler    stm32f1xx_it.o
    0x080041b2   0x080041b2   0x00000002   PAD
    0x080041b4   0x080041b4   0x00000028   Code   RO         1012    i.RCC_Delay         stm32f1xx_hal_rcc.o
    0x080041dc   0x080041dc   0x00000020   Code   RO           30    i.RGB_init          main.o
    0x080041fc   0x080041fc   0x00000002   Code   RO          316    i.SVC_Handler       stm32f1xx_it.o
    0x080041fe   0x080041fe   0x00000008   Code   RO          317    i.SysTick_Handler   stm32f1xx_it.o
    0x08004206   0x08004206   0x00000086   Code   RO           31    i.SystemClock_Config  main.o
    0x0800428c   0x0800428c   0x00000002   Code   RO         4168    i.SystemInit        system_stm32f1xx.o
    0x0800428e   0x0800428e   0x00000026   Code   RO         4308    i.TCS34725_Enable   colorre.o
    0x080042b4   0x080042b4   0x00000026   Code   RO         4309    i.TCS34725_GetChannelData  colorre.o
    0x080042da   0x080042da   0x00000050   Code   RO         4310    i.TCS34725_GetRawData  colorre.o
    0x0800432a   0x0800432a   0x00000052   Code   RO         4311    i.TCS34725_Init     colorre.o
    0x0800437c   0x0800437c   0x0000003c   Code   RO         4312    i.TCS34725_Read     colorre.o
    0x080043b8   0x080043b8   0x00000012   Code   RO         4313    i.TCS34725_SetGain  colorre.o
    0x080043ca   0x080043ca   0x00000012   Code   RO         4314    i.TCS34725_SetIntegrationTime  colorre.o
    0x080043dc   0x080043dc   0x00000048   Code   RO         4316    i.TCS34725_Write    colorre.o
    0x08004424   0x08004424   0x00000010   Code   RO          318    i.TIM8_TRG_COM_TIM14_IRQHandler  stm32f1xx_it.o
    0x08004434   0x08004434   0x00000018   Code   RO          319    i.TIM8_UP_TIM13_IRQHandler  stm32f1xx_it.o
    0x0800444c   0x0800444c   0x000000e8   Code   RO         2440    i.TIM_Base_SetConfig  stm32f1xx_hal_tim.o
    0x08004534   0x08004534   0x00000022   Code   RO         2441    i.TIM_CCxChannelCmd  stm32f1xx_hal_tim.o
    0x08004556   0x08004556   0x00000002   PAD
    0x08004558   0x08004558   0x00000070   Code   RO         2453    i.TIM_OC1_SetConfig  stm32f1xx_hal_tim.o
    0x080045c8   0x080045c8   0x0000007c   Code   RO         2454    i.TIM_OC2_SetConfig  stm32f1xx_hal_tim.o
    0x08004644   0x08004644   0x00000078   Code   RO         2455    i.TIM_OC3_SetConfig  stm32f1xx_hal_tim.o
    0x080046bc   0x080046bc   0x00000054   Code   RO         2456    i.TIM_OC4_SetConfig  stm32f1xx_hal_tim.o
    0x08004710   0x08004710   0x0000004e   Code   RO         4668    i.Trailing_scan     trailing.o
    0x0800475e   0x0800475e   0x00000002   PAD
    0x08004760   0x08004760   0x000000fc   Code   RO         3386    i.UART_SetConfig    stm32f1xx_hal_uart.o
    0x0800485c   0x0800485c   0x00000008   Code   RO         3984    i.USB_CoreInit      stm32f1xx_ll_usb.o
    0x08004864   0x08004864   0x00000006   Code   RO         3988    i.USB_DevDisconnect  stm32f1xx_ll_usb.o
    0x0800486a   0x0800486a   0x00000016   Code   RO         3989    i.USB_DevInit       stm32f1xx_ll_usb.o
    0x08004880   0x08004880   0x00000014   Code   RO         3990    i.USB_DisableGlobalInt  stm32f1xx_ll_usb.o
    0x08004894   0x08004894   0x00000006   Code   RO         4005    i.USB_SetCurrentMode  stm32f1xx_ll_usb.o
    0x0800489a   0x0800489a   0x00000004   Code   RO          320    i.UsageFault_Handler  stm32f1xx_it.o
    0x0800489e   0x0800489e   0x00000002   PAD
    0x080048a0   0x080048a0   0x00000028   Code   RO         4976    i.__0sprintf        mc_w.l(printfa.o)
    0x080048c8   0x080048c8   0x00000010   Code   RO         1324    i.__NVIC_GetPriorityGrouping  stm32f1xx_hal_cortex.o
    0x080048d8   0x080048d8   0x00000028   Code   RO         1325    i.__NVIC_SetPriority  stm32f1xx_hal_cortex.o
    0x08004900   0x08004900   0x0000005c   Code   RO         4554    i.__motor_init      motorclass.o
    0x0800495c   0x0800495c   0x0000000e   Code   RO         5070    i.__scatterload_copy  mc_w.l(handlers.o)
    0x0800496a   0x0800496a   0x00000002   Code   RO         5071    i.__scatterload_null  mc_w.l(handlers.o)
    0x0800496c   0x0800496c   0x0000000e   Code   RO         5072    i.__scatterload_zeroinit  mc_w.l(handlers.o)
    0x0800497a   0x0800497a   0x00000002   PAD
    0x0800497c   0x0800497c   0x00000184   Code   RO         4981    i._fp_digits        mc_w.l(printfa.o)
    0x08004b00   0x08004b00   0x000006dc   Code   RO         4982    i._printf_core      mc_w.l(printfa.o)
    0x080051dc   0x080051dc   0x00000024   Code   RO         4983    i._printf_post_padding  mc_w.l(printfa.o)
    0x08005200   0x08005200   0x0000002e   Code   RO         4984    i._printf_pre_padding  mc_w.l(printfa.o)
    0x0800522e   0x0800522e   0x0000000a   Code   RO         4986    i._sputc            mc_w.l(printfa.o)
    0x08005238   0x08005238   0x0000006c   Code   RO         4204    i.button_init       button.o
    0x080052a4   0x080052a4   0x00000086   Code   RO         4205    i.button_scan       button.o
    0x0800532a   0x0800532a   0x00000002   PAD
    0x0800532c   0x0800532c   0x000000f4   Code   RO         4555    i.car_speed_to_motor_speed  motorclass.o
    0x08005420   0x08005420   0x0000002c   Code   RO         4704    i.delay_us          us_ranging.o
    0x0800544c   0x0800544c   0x00000006   Code   RO         4206    i.get_button_level  button.o
    0x08005452   0x08005452   0x00000006   Code   RO         4207    i.get_button_state  button.o
    0x08005458   0x08005458   0x000000ac   Code   RO         4705    i.get_distance_cm_nT  us_ranging.o
    0x08005504   0x08005504   0x00000006   Code   RO         4208    i.get_last_button_state  button.o
    0x0800550a   0x0800550a   0x00000002   PAD
    0x0800550c   0x0800550c   0x00000068   Code   RO         4556    i.get_motor_encoder  motorclass.o
    0x08005574   0x08005574   0x00000026   Code   RO         4669    i.get_xPin_state    trailing.o
    0x0800559a   0x0800559a   0x00000002   PAD
    0x0800559c   0x0800559c   0x0000056c   Code   RO           32    i.main              main.o
    0x08005b08   0x08005b08   0x0000000e   Code   RO           33    i.max               main.o
    0x08005b16   0x08005b16   0x00000002   PAD
    0x08005b18   0x08005b18   0x000000e0   Code   RO         4557    i.motor_PID_control  motorclass.o
    0x08005bf8   0x08005bf8   0x0000004c   Code   RO         4558    i.motor_control_AllInOne  motorclass.o
    0x08005c44   0x08005c44   0x00000006   Code   RO         4559    i.motor_get_V       motorclass.o
    0x08005c4a   0x08005c4a   0x00000006   Code   RO         4560    i.motor_get_distance  motorclass.o
    0x08005c50   0x08005c50   0x0000000e   Code   RO         4561    i.motor_get_encoder  motorclass.o
    0x08005c5e   0x08005c5e   0x00000018   Code   RO         4563    i.motor_init        motorclass.o
    0x08005c76   0x08005c76   0x0000012e   Code   RO         4564    i.motor_pwm_control  motorclass.o
    0x08005da4   0x08005da4   0x00000004   Code   RO         4565    i.motor_set_V       motorclass.o
    0x08005da8   0x08005da8   0x00000004   Code   RO         4566    i.motor_set_distance  motorclass.o
    0x08005dac   0x08005dac   0x00000012   Code   RO         4567    i.motor_set_encoder  motorclass.o
    0x08005dbe   0x08005dbe   0x00000002   PAD
    0x08005dc0   0x08005dc0   0x00000120   Code   RO           34    i.motorlist_init    main.o
    0x08005ee0   0x08005ee0   0x0000002c   Code   RO           35    i.setRGB            main.o
    0x08005f0c   0x08005f0c   0x00000004   Code   RO         4209    i.set_button_callback  button.o
    0x08005f10   0x08005f10   0x00000004   Code   RO         4210    i.set_button_hold_callback  button.o
    0x08005f14   0x08005f14   0x00000004   Code   RO         4211    i.set_button_hold_time  button.o
    0x08005f18   0x08005f18   0x00000004   Code   RO         4212    i.set_button_level  button.o
    0x08005f1c   0x08005f1c   0x00000004   Code   RO         4213    i.set_button_state  button.o
    0x08005f20   0x08005f20   0x000000e4   Code   RO           36    i.task_trailing_1straight  main.o
    0x08006004   0x08006004   0x000000d8   Code   RO           37    i.task_turn_back    main.o
    0x080060dc   0x080060dc   0x000000a0   Code   RO           38    i.task_turn_left    main.o
    0x0800617c   0x0800617c   0x0000005c   Code   RO         4670    i.trailing_init     trailing.o
    0x080061d8   0x080061d8   0x00000012   Data   RO         1013    .constdata          stm32f1xx_hal_rcc.o
    0x080061ea   0x080061ea   0x00000018   Data   RO         4169    .constdata          system_stm32f1xx.o
    0x08006202   0x08006202   0x000005f0   Data   RO         4411    .constdata          oled.o
    0x080067f2   0x080067f2   0x00000002   PAD
    0x080067f4   0x080067f4   0x00000020   Data   RO         5068    Region$$Table       anon$$obj.o


    Execution Region RW_IRAM1 (Exec base: 0x20000000, Load base: 0x08006814, Size: 0x00000d30, Max: 0x00018000, ABSOLUTE)

    Exec Addr    Load Addr    Size         Type   Attr      Idx    E Section Name        Object

    0x20000000   0x08006814   0x0000004e   Data   RW           40    .data               main.o
    0x2000004e   0x08006862   0x00000002   PAD
    0x20000050   0x08006864   0x00000009   Data   RW          849    .data               stm32f1xx_hal.o
    0x20000059   0x0800686d   0x00000003   PAD
    0x2000005c   0x08006870   0x00000004   Data   RW         4170    .data               system_stm32f1xx.o
    0x20000060   0x08006874   0x00000002   Data   RW         4497    .data               oledmenu.o
    0x20000062   0x08006876   0x00000002   PAD
    0x20000064   0x08006878   0x00000018   Data   RW         4569    .data               motorclass.o
    0x2000007c        -       0x000008b0   Zero   RW           39    .bss                main.o
    0x2000092c   0x08006890   0x00000004   PAD
    0x20000930        -       0x00000400   Zero   RW            1    STACK               startup_stm32f103xg.o


==============================================================================

Image component sizes


      Code (inc. data)   RO Data    RW Data    ZI Data      Debug   Object Name

       280         38          0          0          0       5800   button.o
       406          0          0          0          0       7292   colorre.o
         0          0          0          0          0       1196   current.o
      4450        504          0         78       2224     554091   main.o
      1118         84          0         24          0       8368   motorclass.o
       644          8       1520          0          0       6448   oled.o
       376        104          0          2          0       1926   oledmenu.o
        36          8        304          0       1024        788   startup_stm32f103xg.o
       192         36          0          9          0       7329   stm32f1xx_hal.o
       796         26          0          0          0       3080   stm32f1xx_hal_adc.o
       304         22          0          0          0      30995   stm32f1xx_hal_cortex.o
       880         40          0          0          0       3872   stm32f1xx_hal_gpio.o
      3056         54          0          0          0      11178   stm32f1xx_hal_i2c.o
      1644        160          0          0          0       6900   stm32f1xx_hal_msp.o
       316          0          0          0          0       1295   stm32f1xx_hal_pcd.o
      1752        102         18          0          0       5848   stm32f1xx_hal_rcc.o
       304         14          0          0          0       1372   stm32f1xx_hal_rcc_ex.o
      2440        142          0          0          0      13992   stm32f1xx_hal_tim.o
       300         30          0          0          0       3161   stm32f1xx_hal_tim_ex.o
       370          4          0          0          0       1728   stm32f1xx_hal_uart.o
        74         14          0          0          0       4733   stm32f1xx_it.o
        62          0          0          0          0       3317   stm32f1xx_ll_usb.o
         2          0         24          4          0       1071   system_stm32f1xx.o
       208          8          0          0          0       2329   trailing.o
       216         24          0          0          0       1828   us_ranging.o

    ----------------------------------------------------------------------
     20260       1422       1900        124       3252     689937   Object Totals
         0          0         32          0          0          0   (incl. Generated)
        34          0          2          7          4          0   (incl. Padding)

    ----------------------------------------------------------------------

      Code (inc. data)   RO Data    RW Data    ZI Data      Debug   Library Member Name

         0          0          0          0          0          0   entry.o
         0          0          0          0          0          0   entry10a.o
         0          0          0          0          0          0   entry11a.o
         8          4          0          0          0          0   entry2.o
         4          0          0          0          0          0   entry5.o
         0          0          0          0          0          0   entry7b.o
         0          0          0          0          0          0   entry8b.o
         8          4          0          0          0          0   entry9a.o
        30          0          0          0          0          0   handlers.o
        36          8          0          0          0         68   init.o
         0          0          0          0          0          0   iusefp.o
        30          0          0          0          0         68   llshl.o
        36          0          0          0          0         68   llsshr.o
        32          0          0          0          0         68   llushr.o
        36          0          0          0          0        108   memseta.o
      2276         86          0          0          0        520   printfa.o
        44          0          0          0          0         80   uidiv.o
        98          0          0          0          0         92   uldiv.o
        48          0          0          0          0         68   cdrcmple.o
        20          0          0          0          0         68   cfcmple.o
        56          0          0          0          0         88   d2f.o
       334          0          0          0          0        148   dadd.o
       222          0          0          0          0        100   ddiv.o
       186          0          0          0          0        176   depilogue.o
        50          0          0          0          0         76   dfixui.o
        48          0          0          0          0         68   dfixul.o
        26          0          0          0          0         76   dfltui.o
       228          0          0          0          0         96   dmul.o
        38          0          0          0          0         68   f2d.o
       176          0          0          0          0        140   fadd.o
       124          0          0          0          0         88   fdiv.o
       110          0          0          0          0        168   fepilogue.o
        50          0          0          0          0         68   ffixi.o
        18          0          0          0          0         68   fflti.o
        10          0          0          0          0         68   ffltui.o
       100          0          0          0          0         76   fmul.o

    ----------------------------------------------------------------------
      4484        102          0          0          0       2780   Library Totals
         2          0          0          0          0          0   (incl. Padding)

    ----------------------------------------------------------------------

      Code (inc. data)   RO Data    RW Data    ZI Data      Debug   Library Name

      2638        102          0          0          0       1072   mc_w.l
      1844          0          0          0          0       1708   mf_w.l

    ----------------------------------------------------------------------
      4484        102          0          0          0       2780   Library Totals

    ----------------------------------------------------------------------

==============================================================================


      Code (inc. data)   RO Data    RW Data    ZI Data      Debug   

     24744       1524       1900        124       3252     683249   Grand Totals
     24744       1524       1900        124       3252     683249   ELF Image Totals
     24744       1524       1900        124          0          0   ROM Totals

==============================================================================

    Total RO  Size (Code + RO Data)                26644 (  26.02kB)
    Total RW  Size (RW Data + ZI Data)              3376 (   3.30kB)
    Total ROM Size (Code + RO Data + RW Data)      26768 (  26.14kB)

==============================================================================

