<html>
<body>
<pre>
<h1>µVision Build Log</h1>
<h2>Tool Versions:</h2>
IDE-Version: ¦ÌVision V5.38.0.0
Copyright (C) 2022 ARM Ltd and ARM Germany GmbH. All rights reserved.
License Information: www.sdbeta.com 8615219359211, www.sdbeta.com, LIC=ATTQ1-CS0GX-AR3XW-Q83FJ-4EUB7-GFHRS
 
Tool Versions:
Toolchain:       MDK-ARM Plus  Version: 5.38.0.0
Toolchain Path:  D:\ARM\ARMCC\Bin
C Compiler:      Armcc.exe V5.06 update 6 (build 750)
Assembler:       Armasm.exe V5.06 update 6 (build 750)
Linker/Locator:  ArmLink.exe V5.06 update 6 (build 750)
Library Manager: ArmAr.exe V5.06 update 6 (build 750)
Hex Converter:   FromElf.exe V5.06 update 6 (build 750)
CPU DLL:         SARMCM3.DLL V5.38.0.0
Dialog DLL:      DCM.DLL V1.17.5.0
Target DLL:      STLink\ST-LINKIII-KEIL_SWO.dll V3.1.0.0
Dialog DLL:      TCM.DLL V1.56.4.0
 
<h2>Project:</h2>
C:\Users\86152\Desktop\course design5\MDK-ARM\coursr design.uvprojx
Project File Date:  05/10/2025

<h2>Output:</h2>
*** Using Compiler 'V5.06 update 6 (build 750)', folder: 'D:\ARM\ARMCC\Bin'
Build target 'coursr design'
compiling main.c...
../Core/Src/redLib/Inc/rgb.h(34): warning:  #188-D: enumerated type mixed with another type
  	Write_Pin(self->R_port,self->R_pin,(light >> 2)&0x01);
../Core/Src/redLib/Inc/rgb.h(35): warning:  #188-D: enumerated type mixed with another type
  	Write_Pin(self->G_port,self->G_pin,(light >> 1)&0x01);
../Core/Src/redLib/Inc/rgb.h(36): warning:  #188-D: enumerated type mixed with another type
  	Write_Pin(self->B_port,self->B_pin,(light >> 0)&0x01);
../Core/Src/main.c(396): warning:  #223-D: function "get_distance_cm_nT" declared implicitly
  			else if (get_distance_cm_nT(TR_GPIO_Port,TR_Pin) <= 10 )
../Core/Src/main.c(467): warning:  #223-D: function "get_distance_cm_nT" declared implicitly
      OLED_ShowRunMenu(&hi2c2,car_result.Vx,car_result.Vy,car_result.Vw,get_distance_cm_nT(TR_GPIO_Port,TR_Pin),(uint32_t)__time,middleline_times);
../Core/Src/main.c(89): warning:  #177-D: variable "errorleft"  was declared but never referenced
  static uint8_t errorleft = 0;
../Core/Src/main.c: 6 warnings, 0 errors
linking...
Program Size: Code=24744 RO-data=1900 RW-data=124 ZI-data=3252  
FromELF: creating hex file...
"coursr design\coursr design.axf" - 0 Error(s), 6 Warning(s).

<h2>Software Packages used:</h2>

Package Vendor: ARM
                http://www.keil.com/pack/ARM.CMSIS.5.9.0.pack
                ARM.CMSIS.5.9.0
                CMSIS (Common Microcontroller Software Interface Standard)
   * Component: CORE Version: 5.6.0

Package Vendor: Keil
                https://www.keil.com/pack/Keil.STM32F1xx_DFP.2.4.1.pack
                Keil.STM32F1xx_DFP.2.4.1
                STMicroelectronics STM32F1 Series Device Support, Drivers and Examples

<h2>Collection of Component include folders:</h2>
  ./RTE/_coursr_design
  D:/MDK/ARM/CMSIS/5.9.0/CMSIS/Core/Include
  D:/MDK/Keil/STM32F1xx_DFP/2.4.1/Device/Include

<h2>Collection of Component Files used:</h2>

   * Component: ARM::CMSIS:CORE:5.6.0
      Include file:  CMSIS/Core/Include/tz_context.h
Build Time Elapsed:  00:00:01
</pre>
</body>
</html>
